Archive member included to satisfy reference by file (symbol)

c:/stm32cubeide/stm32cubeide_1.0.2/stm32cubeide/plugins/com.st.stm32cube.ide.mcu.externaltools.gnu-tools-for-stm32.7-2018-q2-update.win32_1.4.0.202007081208/tools/bin/../lib/gcc/arm-none-eabi/7.3.1/../../../../arm-none-eabi/lib/thumb/v7-m\libc_nano.a(lib_a-errno.o)
                              Core/Src/syscalls.o (__errno)
c:/stm32cubeide/stm32cubeide_1.0.2/stm32cubeide/plugins/com.st.stm32cube.ide.mcu.externaltools.gnu-tools-for-stm32.7-2018-q2-update.win32_1.4.0.202007081208/tools/bin/../lib/gcc/arm-none-eabi/7.3.1/../../../../arm-none-eabi/lib/thumb/v7-m\libc_nano.a(lib_a-exit.o)
                              c:/stm32cubeide/stm32cubeide_1.0.2/stm32cubeide/plugins/com.st.stm32cube.ide.mcu.externaltools.gnu-tools-for-stm32.7-2018-q2-update.win32_1.4.0.202007081208/tools/bin/../lib/gcc/arm-none-eabi/7.3.1/../../../../arm-none-eabi/lib/thumb/v7-m/crt0.o (exit)
c:/stm32cubeide/stm32cubeide_1.0.2/stm32cubeide/plugins/com.st.stm32cube.ide.mcu.externaltools.gnu-tools-for-stm32.7-2018-q2-update.win32_1.4.0.202007081208/tools/bin/../lib/gcc/arm-none-eabi/7.3.1/../../../../arm-none-eabi/lib/thumb/v7-m\libc_nano.a(lib_a-impure.o)
                              c:/stm32cubeide/stm32cubeide_1.0.2/stm32cubeide/plugins/com.st.stm32cube.ide.mcu.externaltools.gnu-tools-for-stm32.7-2018-q2-update.win32_1.4.0.202007081208/tools/bin/../lib/gcc/arm-none-eabi/7.3.1/../../../../arm-none-eabi/lib/thumb/v7-m\libc_nano.a(lib_a-exit.o) (_global_impure_ptr)
c:/stm32cubeide/stm32cubeide_1.0.2/stm32cubeide/plugins/com.st.stm32cube.ide.mcu.externaltools.gnu-tools-for-stm32.7-2018-q2-update.win32_1.4.0.202007081208/tools/bin/../lib/gcc/arm-none-eabi/7.3.1/../../../../arm-none-eabi/lib/thumb/v7-m\libc_nano.a(lib_a-init.o)
                              c:/stm32cubeide/stm32cubeide_1.0.2/stm32cubeide/plugins/com.st.stm32cube.ide.mcu.externaltools.gnu-tools-for-stm32.7-2018-q2-update.win32_1.4.0.202007081208/tools/bin/../lib/gcc/arm-none-eabi/7.3.1/../../../../arm-none-eabi/lib/thumb/v7-m/crt0.o (__libc_init_array)
c:/stm32cubeide/stm32cubeide_1.0.2/stm32cubeide/plugins/com.st.stm32cube.ide.mcu.externaltools.gnu-tools-for-stm32.7-2018-q2-update.win32_1.4.0.202007081208/tools/bin/../lib/gcc/arm-none-eabi/7.3.1/../../../../arm-none-eabi/lib/thumb/v7-m\libc_nano.a(lib_a-memcpy-stub.o)
                              Core/Src/SX1278.o (memcpy)
c:/stm32cubeide/stm32cubeide_1.0.2/stm32cubeide/plugins/com.st.stm32cube.ide.mcu.externaltools.gnu-tools-for-stm32.7-2018-q2-update.win32_1.4.0.202007081208/tools/bin/../lib/gcc/arm-none-eabi/7.3.1/../../../../arm-none-eabi/lib/thumb/v7-m\libc_nano.a(lib_a-memset.o)
                              c:/stm32cubeide/stm32cubeide_1.0.2/stm32cubeide/plugins/com.st.stm32cube.ide.mcu.externaltools.gnu-tools-for-stm32.7-2018-q2-update.win32_1.4.0.202007081208/tools/bin/../lib/gcc/arm-none-eabi/7.3.1/../../../../arm-none-eabi/lib/thumb/v7-m/crt0.o (memset)
c:/stm32cubeide/stm32cubeide_1.0.2/stm32cubeide/plugins/com.st.stm32cube.ide.mcu.externaltools.gnu-tools-for-stm32.7-2018-q2-update.win32_1.4.0.202007081208/tools/bin/../lib/gcc/arm-none-eabi/7.3.1/../../../../arm-none-eabi/lib/thumb/v7-m\libc_nano.a(lib_a-sprintf.o)
                              Core/Src/main.o (sprintf)
c:/stm32cubeide/stm32cubeide_1.0.2/stm32cubeide/plugins/com.st.stm32cube.ide.mcu.externaltools.gnu-tools-for-stm32.7-2018-q2-update.win32_1.4.0.202007081208/tools/bin/../lib/gcc/arm-none-eabi/7.3.1/../../../../arm-none-eabi/lib/thumb/v7-m\libc_nano.a(lib_a-strlen.o)
                              Core/Src/fonts.o (strlen)
c:/stm32cubeide/stm32cubeide_1.0.2/stm32cubeide/plugins/com.st.stm32cube.ide.mcu.externaltools.gnu-tools-for-stm32.7-2018-q2-update.win32_1.4.0.202007081208/tools/bin/../lib/gcc/arm-none-eabi/7.3.1/../../../../arm-none-eabi/lib/thumb/v7-m\libc_nano.a(lib_a-nano-svfprintf.o)
                              c:/stm32cubeide/stm32cubeide_1.0.2/stm32cubeide/plugins/com.st.stm32cube.ide.mcu.externaltools.gnu-tools-for-stm32.7-2018-q2-update.win32_1.4.0.202007081208/tools/bin/../lib/gcc/arm-none-eabi/7.3.1/../../../../arm-none-eabi/lib/thumb/v7-m\libc_nano.a(lib_a-sprintf.o) (_svfprintf_r)
c:/stm32cubeide/stm32cubeide_1.0.2/stm32cubeide/plugins/com.st.stm32cube.ide.mcu.externaltools.gnu-tools-for-stm32.7-2018-q2-update.win32_1.4.0.202007081208/tools/bin/../lib/gcc/arm-none-eabi/7.3.1/../../../../arm-none-eabi/lib/thumb/v7-m\libc_nano.a(lib_a-nano-vfprintf_i.o)
                              c:/stm32cubeide/stm32cubeide_1.0.2/stm32cubeide/plugins/com.st.stm32cube.ide.mcu.externaltools.gnu-tools-for-stm32.7-2018-q2-update.win32_1.4.0.202007081208/tools/bin/../lib/gcc/arm-none-eabi/7.3.1/../../../../arm-none-eabi/lib/thumb/v7-m\libc_nano.a(lib_a-nano-svfprintf.o) (_printf_i)
[...]
Memory Configuration

Name             Origin             Length             Attributes
RAM              0x0000000020000000 0x0000000000005000 xrw
FLASH            0x0000000008000000 0x0000000000010000 xr
*default*        0x0000000000000000 0xffffffffffffffff

Linker script and memory map

LOAD c:/stm32cubeide/stm32cubeide_1.0.2/stm32cubeide/plugins/com.st.stm32cube.ide.mcu.externaltools.gnu-tools-for-stm32.7-2018-q2-update.win32_1.4.0.202007081208/tools/bin/../lib/gcc/arm-none-eabi/7.3.1/thumb/v7-m/crti.o
LOAD c:/stm32cubeide/stm32cubeide_1.0.2/stm32cubeide/plugins/com.st.stm32cube.ide.mcu.externaltools.gnu-tools-for-stm32.7-2018-q2-update.win32_1.4.0.202007081208/tools/bin/../lib/gcc/arm-none-eabi/7.3.1/thumb/v7-m/crtbegin.o
LOAD c:/stm32cubeide/stm32cubeide_1.0.2/stm32cubeide/plugins/com.st.stm32cube.ide.mcu.externaltools.gnu-tools-for-stm32.7-2018-q2-update.win32_1.4.0.202007081208/tools/bin/../lib/gcc/arm-none-eabi/7.3.1/../../../../arm-none-eabi/lib/thumb/v7-m/crt0.o
LOAD Core/Src/SX1278.o
LOAD Core/Src/fonts.o
LOAD Core/Src/gpio.o
LOAD Core/Src/i2c.o
LOAD Core/Src/main.o
LOAD Core/Src/spi.o
LOAD Core/Src/ssd1306.o
LOAD Core/Src/stm32f1xx_hal_msp.o
LOAD Core/Src/stm32f1xx_it.o
LOAD Core/Src/syscalls.o
LOAD Core/Src/sysmem.o
LOAD Core/Src/system_stm32f1xx.o
LOAD Core/Src/tim.o
LOAD Core/Startup/startup_stm32f103c8tx.o
LOAD Drivers/STM32F1xx_HAL_Driver/Src/stm32f1xx_hal.o
LOAD Drivers/STM32F1xx_HAL_Driver/Src/stm32f1xx_hal_cortex.o
LOAD Drivers/STM32F1xx_HAL_Driver/Src/stm32f1xx_hal_dma.o
LOAD Drivers/STM32F1xx_HAL_Driver/Src/stm32f1xx_hal_exti.o
LOAD Drivers/STM32F1xx_HAL_Driver/Src/stm32f1xx_hal_flash.o
LOAD Drivers/STM32F1xx_HAL_Driver/Src/stm32f1xx_hal_flash_ex.o
LOAD Drivers/STM32F1xx_HAL_Driver/Src/stm32f1xx_hal_gpio.o
LOAD Drivers/STM32F1xx_HAL_Driver/Src/stm32f1xx_hal_gpio_ex.o
LOAD Drivers/STM32F1xx_HAL_Driver/Src/stm32f1xx_hal_i2c.o
LOAD Drivers/STM32F1xx_HAL_Driver/Src/stm32f1xx_hal_pwr.o
LOAD Drivers/STM32F1xx_HAL_Driver/Src/stm32f1xx_hal_rcc.o
LOAD Drivers/STM32F1xx_HAL_Driver/Src/stm32f1xx_hal_rcc_ex.o
LOAD Drivers/STM32F1xx_HAL_Driver/Src/stm32f1xx_hal_spi.o
LOAD Drivers/STM32F1xx_HAL_Driver/Src/stm32f1xx_hal_tim.o
LOAD Drivers/STM32F1xx_HAL_Driver/Src/stm32f1xx_hal_tim_ex.o
START GROUP
LOAD c:/stm32cubeide/stm32cubeide_1.0.2/stm32cubeide/plugins/com.st.stm32cube.ide.mcu.externaltools.gnu-tools-for-stm32.7-2018-q2-update.win32_1.4.0.202007081208/tools/bin/../lib/gcc/arm-none-eabi/7.3.1/../../../../arm-none-eabi/lib/thumb/v7-m\libc_nano.a
LOAD c:/stm32cubeide/stm32cubeide_1.0.2/stm32cubeide/plugins/com.st.stm32cube.ide.mcu.externaltools.gnu-tools-for-stm32.7-2018-q2-update.win32_1.4.0.202007081208/tools/bin/../lib/gcc/arm-none-eabi/7.3.1/../../../../arm-none-eabi/lib/thumb/v7-m\libm.a
END GROUP
START GROUP
LOAD c:/stm32cubeide/stm32cubeide_1.0.2/stm32cubeide/plugins/com.st.stm32cube.ide.mcu.externaltools.gnu-tools-for-stm32.7-2018-q2-update.win32_1.4.0.202007081208/tools/bin/../lib/gcc/arm-none-eabi/7.3.1/thumb/v7-m\libgcc.a
LOAD c:/stm32cubeide/stm32cubeide_1.0.2/stm32cubeide/plugins/com.st.stm32cube.ide.mcu.externaltools.gnu-tools-for-stm32.7-2018-q2-update.win32_1.4.0.202007081208/tools/bin/../lib/gcc/arm-none-eabi/7.3.1/../../../../arm-none-eabi/lib/thumb/v7-m\libc_nano.a
END GROUP
START GROUP
LOAD c:/stm32cubeide/stm32cubeide_1.0.2/stm32cubeide/plugins/com.st.stm32cube.ide.mcu.externaltools.gnu-tools-for-stm32.7-2018-q2-update.win32_1.4.0.202007081208/tools/bin/../lib/gcc/arm-none-eabi/7.3.1/thumb/v7-m\libgcc.a
LOAD c:/stm32cubeide/stm32cubeide_1.0.2/stm32cubeide/plugins/com.st.stm32cube.ide.mcu.externaltools.gnu-tools-for-stm32.7-2018-q2-update.win32_1.4.0.202007081208/tools/bin/../lib/gcc/arm-none-eabi/7.3.1/../../../../arm-none-eabi/lib/thumb/v7-m\libc_nano.a
LOAD c:/stm32cubeide/stm32cubeide_1.0.2/stm32cubeide/plugins/com.st.stm32cube.ide.mcu.externaltools.gnu-tools-for-stm32.7-2018-q2-update.win32_1.4.0.202007081208/tools/bin/../lib/gcc/arm-none-eabi/7.3.1/../../../../arm-none-eabi/lib/thumb/v7-m\libnosys.a
END GROUP
START GROUP
LOAD c:/stm32cubeide/stm32cubeide_1.0.2/stm32cubeide/plugins/com.st.stm32cube.ide.mcu.externaltools.gnu-tools-for-stm32.7-2018-q2-update.win32_1.4.0.202007081208/tools/bin/../lib/gcc/arm-none-eabi/7.3.1/thumb/v7-m\libgcc.a
LOAD c:/stm32cubeide/stm32cubeide_1.0.2/stm32cubeide/plugins/com.st.stm32cube.ide.mcu.externaltools.gnu-tools-for-stm32.7-2018-q2-update.win32_1.4.0.202007081208/tools/bin/../lib/gcc/arm-none-eabi/7.3.1/../../../../arm-none-eabi/lib/thumb/v7-m\libc_nano.a
LOAD c:/stm32cubeide/stm32cubeide_1.0.2/stm32cubeide/plugins/com.st.stm32cube.ide.mcu.externaltools.gnu-tools-for-stm32.7-2018-q2-update.win32_1.4.0.202007081208/tools/bin/../lib/gcc/arm-none-eabi/7.3.1/../../../../arm-none-eabi/lib/thumb/v7-m\libnosys.a
END GROUP
LOAD c:/stm32cubeide/stm32cubeide_1.0.2/stm32cubeide/plugins/com.st.stm32cube.ide.mcu.externaltools.gnu-tools-for-stm32.7-2018-q2-update.win32_1.4.0.202007081208/tools/bin/../lib/gcc/arm-none-eabi/7.3.1/thumb/v7-m/crtend.o
LOAD c:/stm32cubeide/stm32cubeide_1.0.2/stm32cubeide/plugins/com.st.stm32cube.ide.mcu.externaltools.gnu-tools-for-stm32.7-2018-q2-update.win32_1.4.0.202007081208/tools/bin/../lib/gcc/arm-none-eabi/7.3.1/thumb/v7-m/crtn.o
                0x0000000020005000                _estack = (ORIGIN (RAM) + LENGTH (RAM))
                0x0000000000000200                _Min_Heap_Size = 0x200
                0x0000000000000400                _Min_Stack_Size = 0x400

.isr_vector     0x0000000008000000      0x10c
                0x0000000008000000                . = ALIGN (0x4)
 *(.isr_vector)
 .isr_vector    0x0000000008000000      0x10c Core/Startup/startup_stm32f103c8tx.o
                0x0000000008000000                g_pfnVectors
                0x000000000800010c                . = ALIGN (0x4)

.text           0x0000000008000110     0x580c
                0x0000000008000110                . = ALIGN (0x4)
 *(.text)
 .text          0x0000000008000110       0x40 c:/stm32cubeide/stm32cubeide_1.0.2/stm32cubeide/plugins/com.st.stm32cube.ide.mcu.externaltools.gnu-tools-for-stm32.7-2018-q2-update.win32_1.4.0.202007081208/tools/bin/../lib/gcc/arm-none-eabi/7.3.1/thumb/v7-m/crtbegin.o
 .text          0x0000000008000150      0x378 c:/stm32cubeide/stm32cubeide_1.0.2/stm32cubeide/plugins/com.st.stm32cube.ide.mcu.externaltools.gnu-tools-for-stm32.7-2018-q2-update.win32_1.4.0.202007081208/tools/bin/../lib/gcc/arm-none-eabi/7.3.1/thumb/v7-m\libgcc.a(_arm_addsubdf3.o)
                0x0000000008000150                __aeabi_drsub
                0x0000000008000158                __aeabi_dsub
                0x0000000008000158                __subdf3
                0x000000000800015c                __aeabi_dadd
                0x000000000800015c                __adddf3
                0x00000000080003d4                __floatunsidf
                0x00000000080003d4                __aeabi_ui2d
                0x00000000080003f4                __floatsidf
                0x00000000080003f4                __aeabi_i2d
                0x0000000008000418                __aeabi_f2d
                0x0000000008000418                __extendsfdf2
                0x000000000800045c                __floatundidf
                0x000000000800045c                __aeabi_ul2d
                0x000000000800046c                __floatdidf
                0x000000000800046c                __aeabi_l2d
 .text          0x00000000080004c8      0x424 c:/stm32cubeide/stm32cubeide_1.0.2/stm32cubeide/plugins/com.st.stm32cube.ide.mcu.externaltools.gnu-tools-for-stm32.7-2018-q2-update.win32_1.4.0.202007081208/tools/bin/../lib/gcc/arm-none-eabi/7.3.1/thumb/v7-m\libgcc.a(_arm_muldivdf3.o)
                0x00000000080004c8                __aeabi_dmul
                0x00000000080004c8                __muldf3
                0x000000000800071c                __divdf3
                0x000000000800071c                __aeabi_ddiv
 .text          0x00000000080008ec       0x40 c:/stm32cubeide/stm32cubeide_1.0.2/stm32cubeide/plugins/com.st.stm32cube.ide.mcu.externaltools.gnu-tools-for-stm32.7-2018-q2-update.win32_1.4.0.202007081208/tools/bin/../lib/gcc/arm-none-eabi/7.3.1/thumb/v7-m\libgcc.a(_arm_fixunsdfsi.o)
                0x00000000080008ec                __aeabi_d2uiz
                0x00000000080008ec                __fixunsdfsi
 *(.text*)
 .text.SX1278_hw_init
                0x000000000800092c       0x2a Core/Src/SX1278.o
                0x000000000800092c                SX1278_hw_init
 .text.SX1278_hw_SetNSS
                0x0000000008000956       0x2e Core/Src/SX1278.o
                0x0000000008000956                SX1278_hw_SetNSS
 .text.SX1278_hw_Reset
                0x0000000008000984       0x48 Core/Src/SX1278.o
                0x0000000008000984                SX1278_hw_Reset
 .text.SX1278_hw_SPICommand
                0x00000000080009cc       0x3e Core/Src/SX1278.o
                0x00000000080009cc                SX1278_hw_SPICommand
 .text.SX1278_hw_SPIReadByte
                0x0000000008000a0a       0x4c Core/Src/SX1278.o
                0x0000000008000a0a                SX1278_hw_SPIReadByte
 .text.SX1278_hw_DelayMs
                0x0000000008000a56       0x16 Core/Src/SX1278.o
                0x0000000008000a56                SX1278_hw_DelayMs
 .text.SX1278_hw_GetDIO0
                0x0000000008000a6c       0x2e Core/Src/SX1278.o
                0x0000000008000a6c                SX1278_hw_GetDIO0
 .text.SX1278_SPIRead
                0x0000000008000a9a       0x3e Core/Src/SX1278.o
                0x0000000008000a9a                SX1278_SPIRead
 .text.SX1278_SPIWrite
                0x0000000008000ad8       0x52 Core/Src/SX1278.o
                0x0000000008000ad8                SX1278_SPIWrite
 .text.SX1278_SPIBurstRead
                0x0000000008000b2a       0x72 Core/Src/SX1278.o
                0x0000000008000b2a                SX1278_SPIBurstRead
 .text.SX1278_SPIBurstWrite
                0x0000000008000b9c       0x76 Core/Src/SX1278.o
                0x0000000008000b9c                SX1278_SPIBurstWrite
 .text.SX1278_defaultConfig
                0x0000000008000c12       0x2a Core/Src/SX1278.o
                0x0000000008000c12                SX1278_defaultConfig
 .text.SX1278_config
                0x0000000008000c3c      0x154 Core/Src/SX1278.o
                0x0000000008000c3c                SX1278_config
 .text.SX1278_standby
                0x0000000008000d90       0x20 Core/Src/SX1278.o
                0x0000000008000d90                SX1278_standby
 .text.SX1278_sleep
                0x0000000008000db0       0x20 Core/Src/SX1278.o
                0x0000000008000db0                SX1278_sleep
 .text.SX1278_entryLoRa
                0x0000000008000dd0       0x1a Core/Src/SX1278.o
                0x0000000008000dd0                SX1278_entryLoRa
 .text.SX1278_clearLoRaIrq
                0x0000000008000dea       0x1a Core/Src/SX1278.o
                0x0000000008000dea                SX1278_clearLoRaIrq
 .text.SX1278_LoRaEntryRx
                0x0000000008000e04       0xca Core/Src/SX1278.o
                0x0000000008000e04                SX1278_LoRaEntryRx
 .text.SX1278_LoRaRxPacket
                0x0000000008000ece       0x78 Core/Src/SX1278.o
                0x0000000008000ece                SX1278_LoRaRxPacket
 .text.SX1278_LoRaEntryTx
                0x0000000008000f46       0xb0 Core/Src/SX1278.o
                0x0000000008000f46                SX1278_LoRaEntryTx
 .text.SX1278_LoRaTxPacket
                0x0000000008000ff6       0x7e Core/Src/SX1278.o
                0x0000000008000ff6                SX1278_LoRaTxPacket
 .text.SX1278_begin
                0x0000000008001074       0x50 Core/Src/SX1278.o
                0x0000000008001074                SX1278_begin
 .text.SX1278_read
                0x00000000080010c4       0x4c Core/Src/SX1278.o
                0x00000000080010c4                SX1278_read
 .text.MX_GPIO_Init
                0x0000000008001110       0xec Core/Src/gpio.o
                0x0000000008001110                MX_GPIO_Init
 .text.MX_I2C1_Init
                0x00000000080011fc       0x5c Core/Src/i2c.o
                0x00000000080011fc                MX_I2C1_Init
 .text.HAL_I2C_MspInit
                0x0000000008001258       0x7c Core/Src/i2c.o
                0x0000000008001258                HAL_I2C_MspInit
 .text.main     0x00000000080012d4      0x1e8 Core/Src/main.o
                0x00000000080012d4                main
 .text.SystemClock_Config
                0x00000000080014bc       0x76 Core/Src/main.o
                0x00000000080014bc                SystemClock_Config
 *fill*         0x0000000008001532        0x2 
 .text.delay_us
                0x0000000008001534       0x30 Core/Src/main.o
                0x0000000008001534                delay_us
 .text.read_SR04
                0x0000000008001564       0x50 Core/Src/main.o
                0x0000000008001564                read_SR04
 *fill*         0x00000000080015b4        0x4 
 .text.HAL_TIM_IC_CaptureCallback
                0x00000000080015b8      0x154 Core/Src/main.o
                0x00000000080015b8                HAL_TIM_IC_CaptureCallback
 .text.Error_Handler
                0x000000000800170c        0xc Core/Src/main.o
                0x000000000800170c                Error_Handler
 .text.MX_SPI1_Init
                0x0000000008001718       0x6c Core/Src/spi.o
                0x0000000008001718                MX_SPI1_Init
 .text.HAL_SPI_MspInit
                0x0000000008001784       0x94 Core/Src/spi.o
                0x0000000008001784                HAL_SPI_MspInit
 .text.SSD1306_Init
                0x0000000008001818      0x188 Core/Src/ssd1306.o
                0x0000000008001818                SSD1306_Init
 .text.SSD1306_UpdateScreen
                0x00000000080019a0       0x5c Core/Src/ssd1306.o
                0x00000000080019a0                SSD1306_UpdateScreen
 .text.SSD1306_Fill
                0x00000000080019fc       0x30 Core/Src/ssd1306.o
                0x00000000080019fc                SSD1306_Fill
 .text.SSD1306_DrawPixel
                0x0000000008001a2c       0xbc Core/Src/ssd1306.o
                0x0000000008001a2c                SSD1306_DrawPixel
 .text.SSD1306_GotoXY
                0x0000000008001ae8       0x2c Core/Src/ssd1306.o
                0x0000000008001ae8                SSD1306_GotoXY
 .text.SSD1306_Putc
                0x0000000008001b14      0x100 Core/Src/ssd1306.o
                0x0000000008001b14                SSD1306_Putc
 .text.SSD1306_Puts
                0x0000000008001c14       0x4a Core/Src/ssd1306.o
                0x0000000008001c14                SSD1306_Puts
 *fill*         0x0000000008001c5e        0x2 
 .text.ssd1306_I2C_Init
                0x0000000008001c60       0x28 Core/Src/ssd1306.o
                0x0000000008001c60                ssd1306_I2C_Init
 .text.ssd1306_I2C_WriteMulti
                0x0000000008001c88       0x90 Core/Src/ssd1306.o
                0x0000000008001c88                ssd1306_I2C_WriteMulti
 .text.ssd1306_I2C_Write
                0x0000000008001d18       0x3c Core/Src/ssd1306.o
                0x0000000008001d18                ssd1306_I2C_Write
 .text.HAL_MspInit
                0x0000000008001d54       0x64 Core/Src/stm32f1xx_hal_msp.o
                0x0000000008001d54                HAL_MspInit
 .text.NMI_Handler
                0x0000000008001db8        0xc Core/Src/stm32f1xx_it.o
                0x0000000008001db8                NMI_Handler
 .text.HardFault_Handler
                0x0000000008001dc4        0x6 Core/Src/stm32f1xx_it.o
                0x0000000008001dc4                HardFault_Handler
 .text.MemManage_Handler
                0x0000000008001dca        0x6 Core/Src/stm32f1xx_it.o
                0x0000000008001dca                MemManage_Handler
 .text.BusFault_Handler
                0x0000000008001dd0        0x6 Core/Src/stm32f1xx_it.o
                0x0000000008001dd0                BusFault_Handler
 .text.UsageFault_Handler
                0x0000000008001dd6        0x6 Core/Src/stm32f1xx_it.o
                0x0000000008001dd6                UsageFault_Handler
 .text.SVC_Handler
                0x0000000008001ddc        0xc Core/Src/stm32f1xx_it.o
                0x0000000008001ddc                SVC_Handler
 .text.DebugMon_Handler
                0x0000000008001de8        0xc Core/Src/stm32f1xx_it.o
                0x0000000008001de8                DebugMon_Handler
 .text.PendSV_Handler
                0x0000000008001df4        0xc Core/Src/stm32f1xx_it.o
                0x0000000008001df4                PendSV_Handler
 .text.SysTick_Handler
                0x0000000008001e00        0xc Core/Src/stm32f1xx_it.o
                0x0000000008001e00                SysTick_Handler
 .text.EXTI2_IRQHandler
                0x0000000008001e0c       0x54 Core/Src/stm32f1xx_it.o
                0x0000000008001e0c                EXTI2_IRQHandler
 .text.TIM1_CC_IRQHandler
                0x0000000008001e60       0x14 Core/Src/stm32f1xx_it.o
                0x0000000008001e60                TIM1_CC_IRQHandler
 .text._sbrk    0x0000000008001e74       0x6c Core/Src/sysmem.o
                0x0000000008001e74                _sbrk
 .text.SystemInit
                0x0000000008001ee0        0xc Core/Src/system_stm32f1xx.o
                0x0000000008001ee0                SystemInit
 .text.MX_TIM1_Init
                0x0000000008001eec       0xe8 Core/Src/tim.o
                0x0000000008001eec                MX_TIM1_Init
 .text.HAL_TIM_Base_MspInit
                0x0000000008001fd4       0x90 Core/Src/tim.o
                0x0000000008001fd4                HAL_TIM_Base_MspInit
 .text.Reset_Handler
                0x0000000008002064       0x48 Core/Startup/startup_stm32f103c8tx.o
                0x0000000008002064                Reset_Handler
 .text.Default_Handler
                0x00000000080020ac        0x2 Core/Startup/startup_stm32f103c8tx.o
                0x00000000080020ac                RTC_Alarm_IRQHandler
                0x00000000080020ac                PVD_IRQHandler
                0x00000000080020ac                EXTI3_IRQHandler
                0x00000000080020ac                EXTI0_IRQHandler
                0x00000000080020ac                I2C2_EV_IRQHandler
                0x00000000080020ac                ADC1_2_IRQHandler
                0x00000000080020ac                SPI1_IRQHandler
                0x00000000080020ac                TAMPER_IRQHandler
                0x00000000080020ac                DMA1_Channel4_IRQHandler
                0x00000000080020ac                USART3_IRQHandler
                0x00000000080020ac                RTC_IRQHandler
                0x00000000080020ac                DMA1_Channel7_IRQHandler
                0x00000000080020ac                CAN1_RX1_IRQHandler
                0x00000000080020ac                TIM4_IRQHandler
                0x00000000080020ac                I2C1_EV_IRQHandler
                0x00000000080020ac                DMA1_Channel6_IRQHandler
                0x00000000080020ac                TIM3_IRQHandler
                0x00000000080020ac                RCC_IRQHandler
                0x00000000080020ac                TIM1_TRG_COM_IRQHandler
                0x00000000080020ac                DMA1_Channel1_IRQHandler
                0x00000000080020ac                Default_Handler
                0x00000000080020ac                EXTI15_10_IRQHandler
                0x00000000080020ac                EXTI9_5_IRQHandler
                0x00000000080020ac                SPI2_IRQHandler
                0x00000000080020ac                DMA1_Channel5_IRQHandler
                0x00000000080020ac                EXTI4_IRQHandler
                0x00000000080020ac                USB_LP_CAN1_RX0_IRQHandler
                0x00000000080020ac                USB_HP_CAN1_TX_IRQHandler
                0x00000000080020ac                DMA1_Channel3_IRQHandler
                0x00000000080020ac                TIM1_UP_IRQHandler
                0x00000000080020ac                WWDG_IRQHandler
                0x00000000080020ac                TIM2_IRQHandler
                0x00000000080020ac                TIM1_BRK_IRQHandler
                0x00000000080020ac                EXTI1_IRQHandler
                0x00000000080020ac                USART2_IRQHandler
                0x00000000080020ac                I2C2_ER_IRQHandler
                0x00000000080020ac                DMA1_Channel2_IRQHandler
                0x00000000080020ac                CAN1_SCE_IRQHandler
                0x00000000080020ac                FLASH_IRQHandler
                0x00000000080020ac                USART1_IRQHandler
                0x00000000080020ac                I2C1_ER_IRQHandler
                0x00000000080020ac                USBWakeUp_IRQHandler
 *fill*         0x00000000080020ae        0x2 
 .text.HAL_Init
                0x00000000080020b0       0x2c Drivers/STM32F1xx_HAL_Driver/Src/stm32f1xx_hal.o
                0x00000000080020b0                HAL_Init
 .text.HAL_InitTick
                0x00000000080020dc       0x60 Drivers/STM32F1xx_HAL_Driver/Src/stm32f1xx_hal.o
                0x00000000080020dc                HAL_InitTick
 .text.HAL_IncTick
                0x000000000800213c       0x24 Drivers/STM32F1xx_HAL_Driver/Src/stm32f1xx_hal.o
                0x000000000800213c                HAL_IncTick
 .text.HAL_GetTick
                0x0000000008002160       0x14 Drivers/STM32F1xx_HAL_Driver/Src/stm32f1xx_hal.o
                0x0000000008002160                HAL_GetTick
 .text.HAL_Delay
                0x0000000008002174       0x44 Drivers/STM32F1xx_HAL_Driver/Src/stm32f1xx_hal.o
                0x0000000008002174                HAL_Delay
 .text.__NVIC_SetPriorityGrouping
                0x00000000080021b8       0x48 Drivers/STM32F1xx_HAL_Driver/Src/stm32f1xx_hal_cortex.o
 .text.__NVIC_GetPriorityGrouping
                0x0000000008002200       0x1c Drivers/STM32F1xx_HAL_Driver/Src/stm32f1xx_hal_cortex.o
 .text.__NVIC_EnableIRQ
                0x000000000800221c       0x38 Drivers/STM32F1xx_HAL_Driver/Src/stm32f1xx_hal_cortex.o
 .text.__NVIC_SetPriority
                0x0000000008002254       0x54 Drivers/STM32F1xx_HAL_Driver/Src/stm32f1xx_hal_cortex.o
 .text.NVIC_EncodePriority
                0x00000000080022a8       0x64 Drivers/STM32F1xx_HAL_Driver/Src/stm32f1xx_hal_cortex.o
 .text.SysTick_Config
                0x000000000800230c       0x44 Drivers/STM32F1xx_HAL_Driver/Src/stm32f1xx_hal_cortex.o
 .text.HAL_NVIC_SetPriorityGrouping
                0x0000000008002350       0x16 Drivers/STM32F1xx_HAL_Driver/Src/stm32f1xx_hal_cortex.o
                0x0000000008002350                HAL_NVIC_SetPriorityGrouping
 .text.HAL_NVIC_SetPriority
                0x0000000008002366       0x38 Drivers/STM32F1xx_HAL_Driver/Src/stm32f1xx_hal_cortex.o
                0x0000000008002366                HAL_NVIC_SetPriority
 .text.HAL_NVIC_EnableIRQ
                0x000000000800239e       0x1c Drivers/STM32F1xx_HAL_Driver/Src/stm32f1xx_hal_cortex.o
                0x000000000800239e                HAL_NVIC_EnableIRQ
 .text.HAL_SYSTICK_Config
                0x00000000080023ba       0x18 Drivers/STM32F1xx_HAL_Driver/Src/stm32f1xx_hal_cortex.o
                0x00000000080023ba                HAL_SYSTICK_Config
 *fill*         0x00000000080023d2        0x2 
 .text.HAL_GPIO_Init
                0x00000000080023d4      0x2b4 Drivers/STM32F1xx_HAL_Driver/Src/stm32f1xx_hal_gpio.o
                0x00000000080023d4                HAL_GPIO_Init
 .text.HAL_GPIO_ReadPin
                0x0000000008002688       0x2e Drivers/STM32F1xx_HAL_Driver/Src/stm32f1xx_hal_gpio.o
                0x0000000008002688                HAL_GPIO_ReadPin
 .text.HAL_GPIO_WritePin
                0x00000000080026b6       0x30 Drivers/STM32F1xx_HAL_Driver/Src/stm32f1xx_hal_gpio.o
                0x00000000080026b6                HAL_GPIO_WritePin
 .text.HAL_GPIO_TogglePin
                0x00000000080026e6       0x32 Drivers/STM32F1xx_HAL_Driver/Src/stm32f1xx_hal_gpio.o
                0x00000000080026e6                HAL_GPIO_TogglePin
 .text.HAL_GPIO_EXTI_IRQHandler
                0x0000000008002718       0x30 Drivers/STM32F1xx_HAL_Driver/Src/stm32f1xx_hal_gpio.o
                0x0000000008002718                HAL_GPIO_EXTI_IRQHandler
 .text.HAL_GPIO_EXTI_Callback
                0x0000000008002748       0x14 Drivers/STM32F1xx_HAL_Driver/Src/stm32f1xx_hal_gpio.o
                0x0000000008002748                HAL_GPIO_EXTI_Callback
 .text.HAL_I2C_Init
                0x000000000800275c      0x270 Drivers/STM32F1xx_HAL_Driver/Src/stm32f1xx_hal_i2c.o
                0x000000000800275c                HAL_I2C_Init
 .text.HAL_I2C_Master_Transmit
                0x00000000080029cc      0x1fc Drivers/STM32F1xx_HAL_Driver/Src/stm32f1xx_hal_i2c.o
                0x00000000080029cc                HAL_I2C_Master_Transmit
 .text.HAL_I2C_IsDeviceReady
                0x0000000008002bc8      0x25c Drivers/STM32F1xx_HAL_Driver/Src/stm32f1xx_hal_i2c.o
                0x0000000008002bc8                HAL_I2C_IsDeviceReady
 .text.I2C_MasterRequestWrite
                0x0000000008002e24      0x104 Drivers/STM32F1xx_HAL_Driver/Src/stm32f1xx_hal_i2c.o
 .text.I2C_WaitOnFlagUntilTimeout
                0x0000000008002f28       0xae Drivers/STM32F1xx_HAL_Driver/Src/stm32f1xx_hal_i2c.o
 .text.I2C_WaitOnMasterAddressFlagUntilTimeout
                0x0000000008002fd6       0xfe Drivers/STM32F1xx_HAL_Driver/Src/stm32f1xx_hal_i2c.o
 .text.I2C_WaitOnTXEFlagUntilTimeout
                0x00000000080030d4       0x82 Drivers/STM32F1xx_HAL_Driver/Src/stm32f1xx_hal_i2c.o
 .text.I2C_WaitOnBTFFlagUntilTimeout
                0x0000000008003156       0x82 Drivers/STM32F1xx_HAL_Driver/Src/stm32f1xx_hal_i2c.o
 .text.I2C_IsAcknowledgeFailed
                0x00000000080031d8       0x5c Drivers/STM32F1xx_HAL_Driver/Src/stm32f1xx_hal_i2c.o
 .text.HAL_RCC_OscConfig
                0x0000000008003234      0x500 Drivers/STM32F1xx_HAL_Driver/Src/stm32f1xx_hal_rcc.o
                0x0000000008003234                HAL_RCC_OscConfig
 .text.HAL_RCC_ClockConfig
                0x0000000008003734      0x1d4 Drivers/STM32F1xx_HAL_Driver/Src/stm32f1xx_hal_rcc.o
                0x0000000008003734                HAL_RCC_ClockConfig
 .text.HAL_RCC_GetSysClockFreq
                0x0000000008003908       0xc4 Drivers/STM32F1xx_HAL_Driver/Src/stm32f1xx_hal_rcc.o
                0x0000000008003908                HAL_RCC_GetSysClockFreq
 .text.HAL_RCC_GetHCLKFreq
                0x00000000080039cc       0x14 Drivers/STM32F1xx_HAL_Driver/Src/stm32f1xx_hal_rcc.o
                0x00000000080039cc                HAL_RCC_GetHCLKFreq
 .text.HAL_RCC_GetPCLK1Freq
                0x00000000080039e0       0x28 Drivers/STM32F1xx_HAL_Driver/Src/stm32f1xx_hal_rcc.o
                0x00000000080039e0                HAL_RCC_GetPCLK1Freq
 .text.RCC_Delay
                0x0000000008003a08       0x3c Drivers/STM32F1xx_HAL_Driver/Src/stm32f1xx_hal_rcc.o
 .text.HAL_SPI_Init
                0x0000000008003a44      0x108 Drivers/STM32F1xx_HAL_Driver/Src/stm32f1xx_hal_spi.o
                0x0000000008003a44                HAL_SPI_Init
 .text.HAL_SPI_Transmit
                0x0000000008003b4c      0x278 Drivers/STM32F1xx_HAL_Driver/Src/stm32f1xx_hal_spi.o
                0x0000000008003b4c                HAL_SPI_Transmit
 .text.HAL_SPI_TransmitReceive
                0x0000000008003dc4      0x344 Drivers/STM32F1xx_HAL_Driver/Src/stm32f1xx_hal_spi.o
                0x0000000008003dc4                HAL_SPI_TransmitReceive
 .text.HAL_SPI_GetState
                0x0000000008004108       0x1a Drivers/STM32F1xx_HAL_Driver/Src/stm32f1xx_hal_spi.o
                0x0000000008004108                HAL_SPI_GetState
 *fill*         0x0000000008004122        0x2 
 .text.SPI_WaitFlagStateUntilTimeout
                0x0000000008004124      0x110 Drivers/STM32F1xx_HAL_Driver/Src/stm32f1xx_hal_spi.o
 .text.SPI_EndRxTxTransaction
                0x0000000008004234       0x3c Drivers/STM32F1xx_HAL_Driver/Src/stm32f1xx_hal_spi.o
 .text.HAL_TIM_Base_Init
                0x0000000008004270       0x9e Drivers/STM32F1xx_HAL_Driver/Src/stm32f1xx_hal_tim.o
                0x0000000008004270                HAL_TIM_Base_Init
 .text.HAL_TIM_IC_Init
                0x000000000800430e       0x9e Drivers/STM32F1xx_HAL_Driver/Src/stm32f1xx_hal_tim.o
                0x000000000800430e                HAL_TIM_IC_Init
 .text.HAL_TIM_IC_MspInit
                0x00000000080043ac       0x12 Drivers/STM32F1xx_HAL_Driver/Src/stm32f1xx_hal_tim.o
                0x00000000080043ac                HAL_TIM_IC_MspInit
 *fill*         0x00000000080043be        0x2 
 .text.HAL_TIM_IC_Start_IT
                0x00000000080043c0      0x20c Drivers/STM32F1xx_HAL_Driver/Src/stm32f1xx_hal_tim.o
                0x00000000080043c0                HAL_TIM_IC_Start_IT
 .text.HAL_TIM_IRQHandler
                0x00000000080045cc      0x210 Drivers/STM32F1xx_HAL_Driver/Src/stm32f1xx_hal_tim.o
                0x00000000080045cc                HAL_TIM_IRQHandler
 .text.HAL_TIM_IC_ConfigChannel
                0x00000000080047dc      0x128 Drivers/STM32F1xx_HAL_Driver/Src/stm32f1xx_hal_tim.o
                0x00000000080047dc                HAL_TIM_IC_ConfigChannel
 .text.HAL_TIM_ConfigClockSource
                0x0000000008004904      0x16e Drivers/STM32F1xx_HAL_Driver/Src/stm32f1xx_hal_tim.o
                0x0000000008004904                HAL_TIM_ConfigClockSource
 *fill*         0x0000000008004a72        0x2 
 .text.HAL_TIM_ReadCapturedValue
                0x0000000008004a74       0x88 Drivers/STM32F1xx_HAL_Driver/Src/stm32f1xx_hal_tim.o
                0x0000000008004a74                HAL_TIM_ReadCapturedValue
 .text.HAL_TIM_PeriodElapsedCallback
                0x0000000008004afc       0x12 Drivers/STM32F1xx_HAL_Driver/Src/stm32f1xx_hal_tim.o
                0x0000000008004afc                HAL_TIM_PeriodElapsedCallback
 .text.HAL_TIM_OC_DelayElapsedCallback
                0x0000000008004b0e       0x12 Drivers/STM32F1xx_HAL_Driver/Src/stm32f1xx_hal_tim.o
                0x0000000008004b0e                HAL_TIM_OC_DelayElapsedCallback
 .text.HAL_TIM_PWM_PulseFinishedCallback
                0x0000000008004b20       0x12 Drivers/STM32F1xx_HAL_Driver/Src/stm32f1xx_hal_tim.o
                0x0000000008004b20                HAL_TIM_PWM_PulseFinishedCallback
 .text.HAL_TIM_TriggerCallback
                0x0000000008004b32       0x12 Drivers/STM32F1xx_HAL_Driver/Src/stm32f1xx_hal_tim.o
                0x0000000008004b32                HAL_TIM_TriggerCallback
 .text.TIM_Base_SetConfig
                0x0000000008004b44       0xc4 Drivers/STM32F1xx_HAL_Driver/Src/stm32f1xx_hal_tim.o
                0x0000000008004b44                TIM_Base_SetConfig
 .text.TIM_TI1_SetConfig
                0x0000000008004c08       0xb4 Drivers/STM32F1xx_HAL_Driver/Src/stm32f1xx_hal_tim.o
                0x0000000008004c08                TIM_TI1_SetConfig
 .text.TIM_TI1_ConfigInputStage
                0x0000000008004cbc       0x5c Drivers/STM32F1xx_HAL_Driver/Src/stm32f1xx_hal_tim.o
 .text.TIM_TI2_SetConfig
                0x0000000008004d18       0x78 Drivers/STM32F1xx_HAL_Driver/Src/stm32f1xx_hal_tim.o
 .text.TIM_TI2_ConfigInputStage
                0x0000000008004d90       0x5e Drivers/STM32F1xx_HAL_Driver/Src/stm32f1xx_hal_tim.o
 .text.TIM_TI3_SetConfig
                0x0000000008004dee       0x76 Drivers/STM32F1xx_HAL_Driver/Src/stm32f1xx_hal_tim.o
 .text.TIM_TI4_SetConfig
                0x0000000008004e64       0x78 Drivers/STM32F1xx_HAL_Driver/Src/stm32f1xx_hal_tim.o
 .text.TIM_ITRx_SetConfig
                0x0000000008004edc       0x34 Drivers/STM32F1xx_HAL_Driver/Src/stm32f1xx_hal_tim.o
 .text.TIM_ETR_SetConfig
                0x0000000008004f10       0x3e Drivers/STM32F1xx_HAL_Driver/Src/stm32f1xx_hal_tim.o
                0x0000000008004f10                TIM_ETR_SetConfig
 .text.TIM_CCxChannelCmd
                0x0000000008004f4e       0x48 Drivers/STM32F1xx_HAL_Driver/Src/stm32f1xx_hal_tim.o
                0x0000000008004f4e                TIM_CCxChannelCmd
 *fill*         0x0000000008004f96        0x2 
 .text.HAL_TIMEx_MasterConfigSynchronization
                0x0000000008004f98       0xbc Drivers/STM32F1xx_HAL_Driver/Src/stm32f1xx_hal_tim_ex.o
                0x0000000008004f98                HAL_TIMEx_MasterConfigSynchronization
 .text.HAL_TIMEx_CommutCallback
                0x0000000008005054       0x12 Drivers/STM32F1xx_HAL_Driver/Src/stm32f1xx_hal_tim_ex.o
                0x0000000008005054                HAL_TIMEx_CommutCallback
 .text.HAL_TIMEx_BreakCallback
                0x0000000008005066       0x12 Drivers/STM32F1xx_HAL_Driver/Src/stm32f1xx_hal_tim_ex.o
                0x0000000008005066                HAL_TIMEx_BreakCallback
 .text.__errno  0x0000000008005078        0xc c:/stm32cubeide/stm32cubeide_1.0.2/stm32cubeide/plugins/com.st.stm32cube.ide.mcu.externaltools.gnu-tools-for-stm32.7-2018-q2-update.win32_1.4.0.202007081208/tools/bin/../lib/gcc/arm-none-eabi/7.3.1/../../../../arm-none-eabi/lib/thumb/v7-m\libc_nano.a(lib_a-errno.o)
                0x0000000008005078                __errno
 .text.__libc_init_array
                0x0000000008005084       0x48 c:/stm32cubeide/stm32cubeide_1.0.2/stm32cubeide/plugins/com.st.stm32cube.ide.mcu.externaltools.gnu-tools-for-stm32.7-2018-q2-update.win32_1.4.0.202007081208/tools/bin/../lib/gcc/arm-none-eabi/7.3.1/../../../../arm-none-eabi/lib/thumb/v7-m\libc_nano.a(lib_a-init.o)
                0x0000000008005084                __libc_init_array
 .text.memcpy   0x00000000080050cc       0x16 c:/stm32cubeide/stm32cubeide_1.0.2/stm32cubeide/plugins/com.st.stm32cube.ide.mcu.externaltools.gnu-tools-for-stm32.7-2018-q2-update.win32_1.4.0.202007081208/tools/bin/../lib/gcc/arm-none-eabi/7.3.1/../../../../arm-none-eabi/lib/thumb/v7-m\libc_nano.a(lib_a-memcpy-stub.o)
                0x00000000080050cc                memcpy
 .text.memset   0x00000000080050e2       0x10 c:/stm32cubeide/stm32cubeide_1.0.2/stm32cubeide/plugins/com.st.stm32cube.ide.mcu.externaltools.gnu-tools-for-stm32.7-2018-q2-update.win32_1.4.0.202007081208/tools/bin/../lib/gcc/arm-none-eabi/7.3.1/../../../../arm-none-eabi/lib/thumb/v7-m\libc_nano.a(lib_a-memset.o)
                0x00000000080050e2                memset
 *fill*         0x00000000080050f2        0x2 
 .text.sprintf  0x00000000080050f4       0x40 c:/stm32cubeide/stm32cubeide_1.0.2/stm32cubeide/plugins/com.st.stm32cube.ide.mcu.externaltools.gnu-tools-for-stm32.7-2018-q2-update.win32_1.4.0.202007081208/tools/bin/../lib/gcc/arm-none-eabi/7.3.1/../../../../arm-none-eabi/lib/thumb/v7-m\libc_nano.a(lib_a-sprintf.o)
                0x00000000080050f4                siprintf
                0x00000000080050f4                sprintf
 .text.__ssputs_r
                0x0000000008005134       0xb4 c:/stm32cubeide/stm32cubeide_1.0.2/stm32cubeide/plugins/com.st.stm32cube.ide.mcu.externaltools.gnu-tools-for-stm32.7-2018-q2-update.win32_1.4.0.202007081208/tools/bin/../lib/gcc/arm-none-eabi/7.3.1/../../../../arm-none-eabi/lib/thumb/v7-m\libc_nano.a(lib_a-nano-svfprintf.o)
                0x0000000008005134                __ssputs_r
 .text._svfprintf_r
                0x00000000080051e8      0x1f0 c:/stm32cubeide/stm32cubeide_1.0.2/stm32cubeide/plugins/com.st.stm32cube.ide.mcu.externaltools.gnu-tools-for-stm32.7-2018-q2-update.win32_1.4.0.202007081208/tools/bin/../lib/gcc/arm-none-eabi/7.3.1/../../../../arm-none-eabi/lib/thumb/v7-m\libc_nano.a(lib_a-nano-svfprintf.o)
                0x00000000080051e8                _svfiprintf_r
                0x00000000080051e8                _svfprintf_r
 .text._printf_common
                0x00000000080053d8       0xec c:/stm32cubeide/stm32cubeide_1.0.2/stm32cubeide/plugins/com.st.stm32cube.ide.mcu.externaltools.gnu-tools-for-stm32.7-2018-q2-update.win32_1.4.0.202007081208/tools/bin/../lib/gcc/arm-none-eabi/7.3.1/../../../../arm-none-eabi/lib/thumb/v7-m\libc_nano.a(lib_a-nano-vfprintf_i.o)
                0x00000000080053d8                _printf_common
 .text._printf_i
                0x00000000080054c4      0x224 c:/stm32cubeide/stm32cubeide_1.0.2/stm32cubeide/plugins/com.st.stm32cube.ide.mcu.externaltools.gnu-tools-for-stm32.7-2018-q2-update.win32_1.4.0.202007081208/tools/bin/../lib/gcc/arm-none-eabi/7.3.1/../../../../arm-none-eabi/lib/thumb/v7-m\libc_nano.a(lib_a-nano-vfprintf_i.o)
                0x00000000080054c4                _printf_i
 .text.memchr   0x00000000080056e8       0x1c c:/stm32cubeide/stm32cubeide_1.0.2/stm32cubeide/plugins/com.st.stm32cube.ide.mcu.externaltools.gnu-tools-for-stm32.7-2018-q2-update.win32_1.4.0.202007081208/tools/bin/../lib/gcc/arm-none-eabi/7.3.1/../../../../arm-none-eabi/lib/thumb/v7-m\libc_nano.a(lib_a-memchr-stub.o)
                0x00000000080056e8                memchr
 .text.memmove  0x0000000008005704       0x32 c:/stm32cubeide/stm32cubeide_1.0.2/stm32cubeide/plugins/com.st.stm32cube.ide.mcu.externaltools.gnu-tools-for-stm32.7-2018-q2-update.win32_1.4.0.202007081208/tools/bin/../lib/gcc/arm-none-eabi/7.3.1/../../../../arm-none-eabi/lib/thumb/v7-m\libc_nano.a(lib_a-memmove.o)
                0x0000000008005704                memmove
 *fill*         0x0000000008005736        0x2 
 .text._free_r  0x0000000008005738       0x98 c:/stm32cubeide/stm32cubeide_1.0.2/stm32cubeide/plugins/com.st.stm32cube.ide.mcu.externaltools.gnu-tools-for-stm32.7-2018-q2-update.win32_1.4.0.202007081208/tools/bin/../lib/gcc/arm-none-eabi/7.3.1/../../../../arm-none-eabi/lib/thumb/v7-m\libc_nano.a(lib_a-nano-freer.o)
                0x0000000008005738                _free_r
 .text._malloc_r
                0x00000000080057d0       0xb4 c:/stm32cubeide/stm32cubeide_1.0.2/stm32cubeide/plugins/com.st.stm32cube.ide.mcu.externaltools.gnu-tools-for-stm32.7-2018-q2-update.win32_1.4.0.202007081208/tools/bin/../lib/gcc/arm-none-eabi/7.3.1/../../../../arm-none-eabi/lib/thumb/v7-m\libc_nano.a(lib_a-nano-mallocr.o)
                0x00000000080057d0                _malloc_r
 .text._realloc_r
                0x0000000008005884       0x4c c:/stm32cubeide/stm32cubeide_1.0.2/stm32cubeide/plugins/com.st.stm32cube.ide.mcu.externaltools.gnu-tools-for-stm32.7-2018-q2-update.win32_1.4.0.202007081208/tools/bin/../lib/gcc/arm-none-eabi/7.3.1/../../../../arm-none-eabi/lib/thumb/v7-m\libc_nano.a(lib_a-nano-reallocr.o)
                0x0000000008005884                _realloc_r
 .text._sbrk_r  0x00000000080058d0       0x20 c:/stm32cubeide/stm32cubeide_1.0.2/stm32cubeide/plugins/com.st.stm32cube.ide.mcu.externaltools.gnu-tools-for-stm32.7-2018-q2-update.win32_1.4.0.202007081208/tools/bin/../lib/gcc/arm-none-eabi/7.3.1/../../../../arm-none-eabi/lib/thumb/v7-m\libc_nano.a(lib_a-sbrkr.o)
                0x00000000080058d0                _sbrk_r
 .text.__malloc_lock
                0x00000000080058f0        0x2 c:/stm32cubeide/stm32cubeide_1.0.2/stm32cubeide/plugins/com.st.stm32cube.ide.mcu.externaltools.gnu-tools-for-stm32.7-2018-q2-update.win32_1.4.0.202007081208/tools/bin/../lib/gcc/arm-none-eabi/7.3.1/../../../../arm-none-eabi/lib/thumb/v7-m\libc_nano.a(lib_a-mlock.o)
                0x00000000080058f0                __malloc_lock
 .text.__malloc_unlock
                0x00000000080058f2        0x2 c:/stm32cubeide/stm32cubeide_1.0.2/stm32cubeide/plugins/com.st.stm32cube.ide.mcu.externaltools.gnu-tools-for-stm32.7-2018-q2-update.win32_1.4.0.202007081208/tools/bin/../lib/gcc/arm-none-eabi/7.3.1/../../../../arm-none-eabi/lib/thumb/v7-m\libc_nano.a(lib_a-mlock.o)
                0x00000000080058f2                __malloc_unlock
 .text._malloc_usable_size_r
                0x00000000080058f4       0x10 c:/stm32cubeide/stm32cubeide_1.0.2/stm32cubeide/plugins/com.st.stm32cube.ide.mcu.externaltools.gnu-tools-for-stm32.7-2018-q2-update.win32_1.4.0.202007081208/tools/bin/../lib/gcc/arm-none-eabi/7.3.1/../../../../arm-none-eabi/lib/thumb/v7-m\libc_nano.a(lib_a-nano-msizer.o)
                0x00000000080058f4                _malloc_usable_size_r
 *(.glue_7)
 .glue_7        0x0000000008005904        0x0 linker stubs
 *(.glue_7t)
 .glue_7t       0x0000000008005904        0x0 linker stubs
 *(.eh_frame)
 .eh_frame      0x0000000008005904        0x0 c:/stm32cubeide/stm32cubeide_1.0.2/stm32cubeide/plugins/com.st.stm32cube.ide.mcu.externaltools.gnu-tools-for-stm32.7-2018-q2-update.win32_1.4.0.202007081208/tools/bin/../lib/gcc/arm-none-eabi/7.3.1/thumb/v7-m/crtbegin.o
 *(.init)
 .init          0x0000000008005904        0x4 c:/stm32cubeide/stm32cubeide_1.0.2/stm32cubeide/plugins/com.st.stm32cube.ide.mcu.externaltools.gnu-tools-for-stm32.7-2018-q2-update.win32_1.4.0.202007081208/tools/bin/../lib/gcc/arm-none-eabi/7.3.1/thumb/v7-m/crti.o
                0x0000000008005904                _init
 .init          0x0000000008005908        0x8 c:/stm32cubeide/stm32cubeide_1.0.2/stm32cubeide/plugins/com.st.stm32cube.ide.mcu.externaltools.gnu-tools-for-stm32.7-2018-q2-update.win32_1.4.0.202007081208/tools/bin/../lib/gcc/arm-none-eabi/7.3.1/thumb/v7-m/crtn.o
 *(.fini)
 .fini          0x0000000008005910        0x4 c:/stm32cubeide/stm32cubeide_1.0.2/stm32cubeide/plugins/com.st.stm32cube.ide.mcu.externaltools.gnu-tools-for-stm32.7-2018-q2-update.win32_1.4.0.202007081208/tools/bin/../lib/gcc/arm-none-eabi/7.3.1/thumb/v7-m/crti.o
                0x0000000008005910                _fini
 .fini          0x0000000008005914        0x8 c:/stm32cubeide/stm32cubeide_1.0.2/stm32cubeide/plugins/com.st.stm32cube.ide.mcu.externaltools.gnu-tools-for-stm32.7-2018-q2-update.win32_1.4.0.202007081208/tools/bin/../lib/gcc/arm-none-eabi/7.3.1/thumb/v7-m/crtn.o
                0x000000000800591c                . = ALIGN (0x4)
                0x000000000800591c                _etext = .

.vfp11_veneer   0x000000000800591c        0x0
 .vfp11_veneer  0x000000000800591c        0x0 linker stubs

.v4_bx          0x000000000800591c        0x0
 .v4_bx         0x000000000800591c        0x0 linker stubs

.iplt           0x000000000800591c        0x0
 .iplt          0x000000000800591c        0x0 c:/stm32cubeide/stm32cubeide_1.0.2/stm32cubeide/plugins/com.st.stm32cube.ide.mcu.externaltools.gnu-tools-for-stm32.7-2018-q2-update.win32_1.4.0.202007081208/tools/bin/../lib/gcc/arm-none-eabi/7.3.1/thumb/v7-m/crtbegin.o

.rodata         0x000000000800591c     0x2140
                0x000000000800591c                . = ALIGN (0x4)
 *(.rodata)
 .rodata        0x000000000800591c       0x16 Core/Src/main.o
 *fill*         0x0000000008005932        0x2 
 .rodata        0x0000000008005934       0x12 Drivers/STM32F1xx_HAL_Driver/Src/stm32f1xx_hal_rcc.o
 *(.rodata*)
 *fill*         0x0000000008005946        0x2 
 .rodata.SX1278_Frequency
                0x0000000008005948        0x3 Core/Src/SX1278.o
 *fill*         0x000000000800594b        0x1 
 .rodata.SX1278_Power
                0x000000000800594c        0x5 Core/Src/SX1278.o
 *fill*         0x0000000008005951        0x3 
 .rodata.SX1278_SpreadFactor
                0x0000000008005954        0x7 Core/Src/SX1278.o
 *fill*         0x000000000800595b        0x1 
 .rodata.SX1278_LoRaBandwidth
                0x000000000800595c        0xa Core/Src/SX1278.o
 *fill*         0x0000000008005966        0x2 
 .rodata.Font11x18
                0x0000000008005968      0xd5c Core/Src/fonts.o
                0x0000000008005968                Font11x18
 .rodata.Font16x26
                0x00000000080066c4     0x134c Core/Src/fonts.o
                0x00000000080066c4                Font16x26
 .rodata.AHBPrescTable
                0x0000000008007a10       0x10 Core/Src/system_stm32f1xx.o
                0x0000000008007a10                AHBPrescTable
 .rodata.APBPrescTable
                0x0000000008007a20        0x8 Core/Src/system_stm32f1xx.o
                0x0000000008007a20                APBPrescTable
 .rodata._svfprintf_r.str1.1
                0x0000000008007a28       0x11 c:/stm32cubeide/stm32cubeide_1.0.2/stm32cubeide/plugins/com.st.stm32cube.ide.mcu.externaltools.gnu-tools-for-stm32.7-2018-q2-update.win32_1.4.0.202007081208/tools/bin/../lib/gcc/arm-none-eabi/7.3.1/../../../../arm-none-eabi/lib/thumb/v7-m\libc_nano.a(lib_a-nano-svfprintf.o)
 .rodata._printf_i.str1.1
                0x0000000008007a39       0x22 c:/stm32cubeide/stm32cubeide_1.0.2/stm32cubeide/plugins/com.st.stm32cube.ide.mcu.externaltools.gnu-tools-for-stm32.7-2018-q2-update.win32_1.4.0.202007081208/tools/bin/../lib/gcc/arm-none-eabi/7.3.1/../../../../arm-none-eabi/lib/thumb/v7-m\libc_nano.a(lib_a-nano-vfprintf_i.o)
                0x0000000008007a5c                . = ALIGN (0x4)
 *fill*         0x0000000008007a5b        0x1 

.rel.dyn        0x0000000008007a5c        0x0
 .rel.iplt      0x0000000008007a5c        0x0 c:/stm32cubeide/stm32cubeide_1.0.2/stm32cubeide/plugins/com.st.stm32cube.ide.mcu.externaltools.gnu-tools-for-stm32.7-2018-q2-update.win32_1.4.0.202007081208/tools/bin/../lib/gcc/arm-none-eabi/7.3.1/thumb/v7-m/crtbegin.o

.ARM.extab      0x0000000008007a5c        0x0
                0x0000000008007a5c                . = ALIGN (0x4)
 *(.ARM.extab* .gnu.linkonce.armextab.*)
                0x0000000008007a5c                . = ALIGN (0x4)

.ARM            0x0000000008007a5c        0x0
                0x0000000008007a5c                . = ALIGN (0x4)
                0x0000000008007a5c                __exidx_start = .
 *(.ARM.exidx*)
                0x0000000008007a5c                __exidx_end = .
                0x0000000008007a5c                . = ALIGN (0x4)

.preinit_array  0x0000000008007a5c        0x0
                0x0000000008007a5c                . = ALIGN (0x4)
                0x0000000008007a5c                PROVIDE (__preinit_array_start = .)
 *(.preinit_array*)
                0x0000000008007a5c                PROVIDE (__preinit_array_end = .)
                0x0000000008007a5c                . = ALIGN (0x4)

.init_array     0x0000000008007a5c        0x4
                0x0000000008007a5c                . = ALIGN (0x4)
                0x0000000008007a5c                PROVIDE (__init_array_start = .)
 *(SORT_BY_NAME(.init_array.*))
 *(.init_array*)
 .init_array    0x0000000008007a5c        0x4 c:/stm32cubeide/stm32cubeide_1.0.2/stm32cubeide/plugins/com.st.stm32cube.ide.mcu.externaltools.gnu-tools-for-stm32.7-2018-q2-update.win32_1.4.0.202007081208/tools/bin/../lib/gcc/arm-none-eabi/7.3.1/thumb/v7-m/crtbegin.o
                0x0000000008007a60                PROVIDE (__init_array_end = .)
                0x0000000008007a60                . = ALIGN (0x4)

.fini_array     0x0000000008007a60        0x4
                0x0000000008007a60                . = ALIGN (0x4)
                [!provide]                        PROVIDE (__fini_array_start = .)
 *(SORT_BY_NAME(.fini_array.*))
 *(.fini_array*)
 .fini_array    0x0000000008007a60        0x4 c:/stm32cubeide/stm32cubeide_1.0.2/stm32cubeide/plugins/com.st.stm32cube.ide.mcu.externaltools.gnu-tools-for-stm32.7-2018-q2-update.win32_1.4.0.202007081208/tools/bin/../lib/gcc/arm-none-eabi/7.3.1/thumb/v7-m/crtbegin.o
                [!provide]                        PROVIDE (__fini_array_end = .)
                0x0000000008007a64                . = ALIGN (0x4)
                0x0000000008007a64                _sidata = LOADADDR (.data)

.data           0x0000000020000000       0x80 load address 0x0000000008007a64
                0x0000000020000000                . = ALIGN (0x4)
                0x0000000020000000                _sdata = .
 *(.data)
 *(.data*)
 .data.Font_11x18
                0x0000000020000000        0x8 Core/Src/fonts.o
                0x0000000020000000                Font_11x18
 .data.Font_16x26
                0x0000000020000008        0x8 Core/Src/fonts.o
                0x0000000020000008                Font_16x26
 .data.SystemCoreClock
                0x0000000020000010        0x4 Core/Src/system_stm32f1xx.o
                0x0000000020000010                SystemCoreClock
 .data.uwTickPrio
                0x0000000020000014        0x4 Drivers/STM32F1xx_HAL_Driver/Src/stm32f1xx_hal.o
                0x0000000020000014                uwTickPrio
 .data.uwTickFreq
                0x0000000020000018        0x1 Drivers/STM32F1xx_HAL_Driver/Src/stm32f1xx_hal.o
                0x0000000020000018                uwTickFreq
 *fill*         0x0000000020000019        0x3 
 .data._impure_ptr
                0x000000002000001c        0x4 c:/stm32cubeide/stm32cubeide_1.0.2/stm32cubeide/plugins/com.st.stm32cube.ide.mcu.externaltools.gnu-tools-for-stm32.7-2018-q2-update.win32_1.4.0.202007081208/tools/bin/../lib/gcc/arm-none-eabi/7.3.1/../../../../arm-none-eabi/lib/thumb/v7-m\libc_nano.a(lib_a-impure.o)
                0x000000002000001c                _impure_ptr
 .data.impure_data
                0x0000000020000020       0x60 c:/stm32cubeide/stm32cubeide_1.0.2/stm32cubeide/plugins/com.st.stm32cube.ide.mcu.externaltools.gnu-tools-for-stm32.7-2018-q2-update.win32_1.4.0.202007081208/tools/bin/../lib/gcc/arm-none-eabi/7.3.1/../../../../arm-none-eabi/lib/thumb/v7-m\libc_nano.a(lib_a-impure.o)
                0x0000000020000080                . = ALIGN (0x4)
                0x0000000020000080                _edata = .

.igot.plt       0x0000000020000080        0x0 load address 0x0000000008007ae4
 .igot.plt      0x0000000020000080        0x0 c:/stm32cubeide/stm32cubeide_1.0.2/stm32cubeide/plugins/com.st.stm32cube.ide.mcu.externaltools.gnu-tools-for-stm32.7-2018-q2-update.win32_1.4.0.202007081208/tools/bin/../lib/gcc/arm-none-eabi/7.3.1/thumb/v7-m/crtbegin.o
                0x0000000020000080                . = ALIGN (0x4)

.bss            0x0000000020000080      0x708 load address 0x0000000008007ae4
                0x0000000020000080                _sbss = .
                0x0000000020000080                __bss_start__ = _sbss
 *(.bss)
 .bss           0x0000000020000080       0x1c c:/stm32cubeide/stm32cubeide_1.0.2/stm32cubeide/plugins/com.st.stm32cube.ide.mcu.externaltools.gnu-tools-for-stm32.7-2018-q2-update.win32_1.4.0.202007081208/tools/bin/../lib/gcc/arm-none-eabi/7.3.1/thumb/v7-m/crtbegin.o
 *(.bss*)
 .bss.cap1      0x000000002000009c        0x4 Core/Src/main.o
                0x000000002000009c                cap1
 .bss.cap2      0x00000000200000a0        0x4 Core/Src/main.o
                0x00000000200000a0                cap2
 .bss.diff      0x00000000200000a4        0x4 Core/Src/main.o
                0x00000000200000a4                diff
 .bss.is_fist_capture
                0x00000000200000a8        0x1 Core/Src/main.o
                0x00000000200000a8                is_fist_capture
 *fill*         0x00000000200000a9        0x3 
 .bss.distance  0x00000000200000ac        0x4 Core/Src/main.o
                0x00000000200000ac                distance
 .bss.flag      0x00000000200000b0        0x1 Core/Src/main.o
                0x00000000200000b0                flag
 *fill*         0x00000000200000b1        0x3 
 .bss.SSD1306_Buffer
                0x00000000200000b4      0x400 Core/Src/ssd1306.o
 .bss.SSD1306   0x00000000200004b4        0x6 Core/Src/ssd1306.o
 *fill*         0x00000000200004ba        0x2 
 .bss.__sbrk_heap_end
                0x00000000200004bc        0x4 Core/Src/sysmem.o
 .bss.__malloc_free_list
                0x00000000200004c0        0x4 c:/stm32cubeide/stm32cubeide_1.0.2/stm32cubeide/plugins/com.st.stm32cube.ide.mcu.externaltools.gnu-tools-for-stm32.7-2018-q2-update.win32_1.4.0.202007081208/tools/bin/../lib/gcc/arm-none-eabi/7.3.1/../../../../arm-none-eabi/lib/thumb/v7-m\libc_nano.a(lib_a-nano-mallocr.o)
                0x00000000200004c0                __malloc_free_list
 .bss.__malloc_sbrk_start
                0x00000000200004c4        0x4 c:/stm32cubeide/stm32cubeide_1.0.2/stm32cubeide/plugins/com.st.stm32cube.ide.mcu.externaltools.gnu-tools-for-stm32.7-2018-q2-update.win32_1.4.0.202007081208/tools/bin/../lib/gcc/arm-none-eabi/7.3.1/../../../../arm-none-eabi/lib/thumb/v7-m\libc_nano.a(lib_a-nano-mallocr.o)
                0x00000000200004c4                __malloc_sbrk_start
 *(COMMON)
 COMMON         0x00000000200004c8       0x54 Core/Src/i2c.o
                0x00000000200004c8                hi2c1
 COMMON         0x000000002000051c      0x1c4 Core/Src/main.o
                0x000000002000051c                t
                0x0000000020000520                message_length
                0x0000000020000524                ret_sent
                0x0000000020000528                buffsent
                0x0000000020000568                get_adc
                0x000000002000056c                buffer
                0x00000000200005ac                SX1278
                0x00000000200006b8                ret
                0x00000000200006bc                tam
                0x00000000200006c0                SX1278_hw
                0x00000000200006dc                master
 COMMON         0x00000000200006e0       0x58 Core/Src/spi.o
                0x00000000200006e0                hspi1
 COMMON         0x0000000020000738       0x48 Core/Src/tim.o
                0x0000000020000738                htim1
 COMMON         0x0000000020000780        0x4 Drivers/STM32F1xx_HAL_Driver/Src/stm32f1xx_hal.o
                0x0000000020000780                uwTick
 COMMON         0x0000000020000784        0x4 c:/stm32cubeide/stm32cubeide_1.0.2/stm32cubeide/plugins/com.st.stm32cube.ide.mcu.externaltools.gnu-tools-for-stm32.7-2018-q2-update.win32_1.4.0.202007081208/tools/bin/../lib/gcc/arm-none-eabi/7.3.1/../../../../arm-none-eabi/lib/thumb/v7-m\libc_nano.a(lib_a-reent.o)
                0x0000000020000784                errno
                0x0000000020000788                . = ALIGN (0x4)
                0x0000000020000788                _ebss = .
                0x0000000020000788                __bss_end__ = _ebss

._user_heap_stack
                0x0000000020000788      0x600 load address 0x0000000008007ae4
                0x0000000020000788                . = ALIGN (0x8)
                [!provide]                        PROVIDE (end = .)
                0x0000000020000788                PROVIDE (_end = .)
                0x0000000020000988                . = (. + _Min_Heap_Size)
 *fill*         0x0000000020000788      0x200 
                0x0000000020000d88                . = (. + _Min_Stack_Size)
 *fill*         0x0000000020000988      0x400 
                0x0000000020000d88                . = ALIGN (0x8)

/DISCARD/
 libc.a(*)
 libm.a(*)
 libgcc.a(*)

.ARM.attributes
                0x0000000000000000       0x29
 *(.ARM.attributes)
 .ARM.attributes
                0x0000000000000000       0x1d c:/stm32cubeide/stm32cubeide_1.0.2/stm32cubeide/plugins/com.st.stm32cube.ide.mcu.externaltools.gnu-tools-for-stm32.7-2018-q2-update.win32_1.4.0.202007081208/tools/bin/../lib/gcc/arm-none-eabi/7.3.1/thumb/v7-m/crti.o
 .ARM.attributes
                0x000000000000001d       0x2d c:/stm32cubeide/stm32cubeide_1.0.2/stm32cubeide/plugins/com.st.stm32cube.ide.mcu.externaltools.gnu-tools-for-stm32.7-2018-q2-update.win32_1.4.0.202007081208/tools/bin/../lib/gcc/arm-none-eabi/7.3.1/thumb/v7-m/crtbegin.o
 .ARM.attributes
                0x000000000000004a       0x33 Core/Src/SX1278.o
 .ARM.attributes
                0x000000000000007d       0x33 Core/Src/fonts.o
 .ARM.attributes
                0x00000000000000b0       0x33 Core/Src/gpio.o
 .ARM.attributes
                0x00000000000000e3       0x33 Core/Src/i2c.o
 .ARM.attributes
                0x0000000000000116       0x33 Core/Src/main.o
 .ARM.attributes
                0x0000000000000149       0x33 Core/Src/spi.o
 .ARM.attributes
                0x000000000000017c       0x33 Core/Src/ssd1306.o
 .ARM.attributes
                0x00000000000001af       0x33 Core/Src/stm32f1xx_hal_msp.o
 .ARM.attributes
                0x00000000000001e2       0x33 Core/Src/stm32f1xx_it.o
 .ARM.attributes
                0x0000000000000215       0x33 Core/Src/sysmem.o
 .ARM.attributes
                0x0000000000000248       0x33 Core/Src/system_stm32f1xx.o
 .ARM.attributes
                0x000000000000027b       0x33 Core/Src/tim.o
 .ARM.attributes
                0x00000000000002ae       0x21 Core/Startup/startup_stm32f103c8tx.o
 .ARM.attributes
                0x00000000000002cf       0x33 Drivers/STM32F1xx_HAL_Driver/Src/stm32f1xx_hal.o
 .ARM.attributes
                0x0000000000000302       0x33 Drivers/STM32F1xx_HAL_Driver/Src/stm32f1xx_hal_cortex.o
 .ARM.attributes
                0x0000000000000335       0x33 Drivers/STM32F1xx_HAL_Driver/Src/stm32f1xx_hal_gpio.o
 .ARM.attributes
                0x0000000000000368       0x33 Drivers/STM32F1xx_HAL_Driver/Src/stm32f1xx_hal_i2c.o
 .ARM.attributes
                0x000000000000039b       0x33 Drivers/STM32F1xx_HAL_Driver/Src/stm32f1xx_hal_rcc.o
 .ARM.attributes
                0x00000000000003ce       0x33 Drivers/STM32F1xx_HAL_Driver/Src/stm32f1xx_hal_spi.o
 .ARM.attributes
                0x0000000000000401       0x33 Drivers/STM32F1xx_HAL_Driver/Src/stm32f1xx_hal_tim.o
 .ARM.attributes
                0x0000000000000434       0x33 Drivers/STM32F1xx_HAL_Driver/Src/stm32f1xx_hal_tim_ex.o
 .ARM.attributes
                0x0000000000000467       0x2d c:/stm32cubeide/stm32cubeide_1.0.2/stm32cubeide/plugins/com.st.stm32cube.ide.mcu.externaltools.gnu-tools-for-stm32.7-2018-q2-update.win32_1.4.0.202007081208/tools/bin/../lib/gcc/arm-none-eabi/7.3.1/../../../../arm-none-eabi/lib/thumb/v7-m\libc_nano.a(lib_a-errno.o)
 .ARM.attributes
                0x0000000000000494       0x2d c:/stm32cubeide/stm32cubeide_1.0.2/stm32cubeide/plugins/com.st.stm32cube.ide.mcu.externaltools.gnu-tools-for-stm32.7-2018-q2-update.win32_1.4.0.202007081208/tools/bin/../lib/gcc/arm-none-eabi/7.3.1/../../../../arm-none-eabi/lib/thumb/v7-m\libc_nano.a(lib_a-impure.o)
 .ARM.attributes
                0x00000000000004c1       0x2d c:/stm32cubeide/stm32cubeide_1.0.2/stm32cubeide/plugins/com.st.stm32cube.ide.mcu.externaltools.gnu-tools-for-stm32.7-2018-q2-update.win32_1.4.0.202007081208/tools/bin/../lib/gcc/arm-none-eabi/7.3.1/../../../../arm-none-eabi/lib/thumb/v7-m\libc_nano.a(lib_a-init.o)
 .ARM.attributes
                0x00000000000004ee       0x2d c:/stm32cubeide/stm32cubeide_1.0.2/stm32cubeide/plugins/com.st.stm32cube.ide.mcu.externaltools.gnu-tools-for-stm32.7-2018-q2-update.win32_1.4.0.202007081208/tools/bin/../lib/gcc/arm-none-eabi/7.3.1/../../../../arm-none-eabi/lib/thumb/v7-m\libc_nano.a(lib_a-memcpy-stub.o)
 .ARM.attributes
                0x000000000000051b       0x2d c:/stm32cubeide/stm32cubeide_1.0.2/stm32cubeide/plugins/com.st.stm32cube.ide.mcu.externaltools.gnu-tools-for-stm32.7-2018-q2-update.win32_1.4.0.202007081208/tools/bin/../lib/gcc/arm-none-eabi/7.3.1/../../../../arm-none-eabi/lib/thumb/v7-m\libc_nano.a(lib_a-memset.o)
 .ARM.attributes
                0x0000000000000548       0x2d c:/stm32cubeide/stm32cubeide_1.0.2/stm32cubeide/plugins/com.st.stm32cube.ide.mcu.externaltools.gnu-tools-for-stm32.7-2018-q2-update.win32_1.4.0.202007081208/tools/bin/../lib/gcc/arm-none-eabi/7.3.1/../../../../arm-none-eabi/lib/thumb/v7-m\libc_nano.a(lib_a-sprintf.o)
 .ARM.attributes
                0x0000000000000575       0x2d c:/stm32cubeide/stm32cubeide_1.0.2/stm32cubeide/plugins/com.st.stm32cube.ide.mcu.externaltools.gnu-tools-for-stm32.7-2018-q2-update.win32_1.4.0.202007081208/tools/bin/../lib/gcc/arm-none-eabi/7.3.1/../../../../arm-none-eabi/lib/thumb/v7-m\libc_nano.a(lib_a-nano-svfprintf.o)
 .ARM.attributes
                0x00000000000005a2       0x2d c:/stm32cubeide/stm32cubeide_1.0.2/stm32cubeide/plugins/com.st.stm32cube.ide.mcu.externaltools.gnu-tools-for-stm32.7-2018-q2-update.win32_1.4.0.202007081208/tools/bin/../lib/gcc/arm-none-eabi/7.3.1/../../../../arm-none-eabi/lib/thumb/v7-m\libc_nano.a(lib_a-nano-vfprintf_i.o)
 .ARM.attributes
                0x00000000000005cf       0x2d c:/stm32cubeide/stm32cubeide_1.0.2/stm32cubeide/plugins/com.st.stm32cube.ide.mcu.externaltools.gnu-tools-for-stm32.7-2018-q2-update.win32_1.4.0.202007081208/tools/bin/../lib/gcc/arm-none-eabi/7.3.1/../../../../arm-none-eabi/lib/thumb/v7-m\libc_nano.a(lib_a-memchr-stub.o)
 .ARM.attributes
                0x00000000000005fc       0x2d c:/stm32cubeide/stm32cubeide_1.0.2/stm32cubeide/plugins/com.st.stm32cube.ide.mcu.externaltools.gnu-tools-for-stm32.7-2018-q2-update.win32_1.4.0.202007081208/tools/bin/../lib/gcc/arm-none-eabi/7.3.1/../../../../arm-none-eabi/lib/thumb/v7-m\libc_nano.a(lib_a-memmove.o)
 .ARM.attributes
                0x0000000000000629       0x2d c:/stm32cubeide/stm32cubeide_1.0.2/stm32cubeide/plugins/com.st.stm32cube.ide.mcu.externaltools.gnu-tools-for-stm32.7-2018-q2-update.win32_1.4.0.202007081208/tools/bin/../lib/gcc/arm-none-eabi/7.3.1/../../../../arm-none-eabi/lib/thumb/v7-m\libc_nano.a(lib_a-nano-freer.o)
 .ARM.attributes
                0x0000000000000656       0x2d c:/stm32cubeide/stm32cubeide_1.0.2/stm32cubeide/plugins/com.st.stm32cube.ide.mcu.externaltools.gnu-tools-for-stm32.7-2018-q2-update.win32_1.4.0.202007081208/tools/bin/../lib/gcc/arm-none-eabi/7.3.1/../../../../arm-none-eabi/lib/thumb/v7-m\libc_nano.a(lib_a-nano-mallocr.o)
 .ARM.attributes
                0x0000000000000683       0x2d c:/stm32cubeide/stm32cubeide_1.0.2/stm32cubeide/plugins/com.st.stm32cube.ide.mcu.externaltools.gnu-tools-for-stm32.7-2018-q2-update.win32_1.4.0.202007081208/tools/bin/../lib/gcc/arm-none-eabi/7.3.1/../../../../arm-none-eabi/lib/thumb/v7-m\libc_nano.a(lib_a-nano-reallocr.o)
 .ARM.attributes
                0x00000000000006b0       0x2d c:/stm32cubeide/stm32cubeide_1.0.2/stm32cubeide/plugins/com.st.stm32cube.ide.mcu.externaltools.gnu-tools-for-stm32.7-2018-q2-update.win32_1.4.0.202007081208/tools/bin/../lib/gcc/arm-none-eabi/7.3.1/../../../../arm-none-eabi/lib/thumb/v7-m\libc_nano.a(lib_a-sbrkr.o)
 .ARM.attributes
                0x00000000000006dd       0x2d c:/stm32cubeide/stm32cubeide_1.0.2/stm32cubeide/plugins/com.st.stm32cube.ide.mcu.externaltools.gnu-tools-for-stm32.7-2018-q2-update.win32_1.4.0.202007081208/tools/bin/../lib/gcc/arm-none-eabi/7.3.1/../../../../arm-none-eabi/lib/thumb/v7-m\libc_nano.a(lib_a-mlock.o)
 .ARM.attributes
                0x000000000000070a       0x2d c:/stm32cubeide/stm32cubeide_1.0.2/stm32cubeide/plugins/com.st.stm32cube.ide.mcu.externaltools.gnu-tools-for-stm32.7-2018-q2-update.win32_1.4.0.202007081208/tools/bin/../lib/gcc/arm-none-eabi/7.3.1/../../../../arm-none-eabi/lib/thumb/v7-m\libc_nano.a(lib_a-nano-msizer.o)
 .ARM.attributes
                0x0000000000000737       0x2d c:/stm32cubeide/stm32cubeide_1.0.2/stm32cubeide/plugins/com.st.stm32cube.ide.mcu.externaltools.gnu-tools-for-stm32.7-2018-q2-update.win32_1.4.0.202007081208/tools/bin/../lib/gcc/arm-none-eabi/7.3.1/../../../../arm-none-eabi/lib/thumb/v7-m\libc_nano.a(lib_a-reent.o)
 .ARM.attributes
                0x0000000000000764       0x1d c:/stm32cubeide/stm32cubeide_1.0.2/stm32cubeide/plugins/com.st.stm32cube.ide.mcu.externaltools.gnu-tools-for-stm32.7-2018-q2-update.win32_1.4.0.202007081208/tools/bin/../lib/gcc/arm-none-eabi/7.3.1/thumb/v7-m\libgcc.a(_arm_addsubdf3.o)
 .ARM.attributes
                0x0000000000000781       0x1d c:/stm32cubeide/stm32cubeide_1.0.2/stm32cubeide/plugins/com.st.stm32cube.ide.mcu.externaltools.gnu-tools-for-stm32.7-2018-q2-update.win32_1.4.0.202007081208/tools/bin/../lib/gcc/arm-none-eabi/7.3.1/thumb/v7-m\libgcc.a(_arm_muldivdf3.o)
 .ARM.attributes
                0x000000000000079e       0x1d c:/stm32cubeide/stm32cubeide_1.0.2/stm32cubeide/plugins/com.st.stm32cube.ide.mcu.externaltools.gnu-tools-for-stm32.7-2018-q2-update.win32_1.4.0.202007081208/tools/bin/../lib/gcc/arm-none-eabi/7.3.1/thumb/v7-m\libgcc.a(_arm_fixunsdfsi.o)
 .ARM.attributes
                0x00000000000007bb       0x1d c:/stm32cubeide/stm32cubeide_1.0.2/stm32cubeide/plugins/com.st.stm32cube.ide.mcu.externaltools.gnu-tools-for-stm32.7-2018-q2-update.win32_1.4.0.202007081208/tools/bin/../lib/gcc/arm-none-eabi/7.3.1/thumb/v7-m/crtn.o
OUTPUT(Ultrasoundsensor_stm32_LuanVan_pj.elf elf32-littlearm)

.debug_info     0x0000000000000000    0x126f3
 .debug_info    0x0000000000000000     0x16ce Core/Src/SX1278.o
 .debug_info    0x00000000000016ce      0xb1c Core/Src/fonts.o
 .debug_info    0x00000000000021ea      0x4a3 Core/Src/gpio.o
 .debug_info    0x000000000000268d      0x842 Core/Src/i2c.o
 .debug_info    0x0000000000002ecf     0x1cb3 Core/Src/main.o
 .debug_info    0x0000000000004b82      0x813 Core/Src/spi.o
 .debug_info    0x0000000000005395     0x1880 Core/Src/ssd1306.o
 .debug_info    0x0000000000006c15      0x2d6 Core/Src/stm32f1xx_hal_msp.o
 .debug_info    0x0000000000006eeb      0x99f Core/Src/stm32f1xx_it.o
 .debug_info    0x000000000000788a      0x985 Core/Src/sysmem.o
 .debug_info    0x000000000000820f      0x29a Core/Src/system_stm32f1xx.o
 .debug_info    0x00000000000084a9      0xaf4 Core/Src/tim.o
 .debug_info    0x0000000000008f9d       0x22 Core/Startup/startup_stm32f103c8tx.o
 .debug_info    0x0000000000008fbf      0x714 Drivers/STM32F1xx_HAL_Driver/Src/stm32f1xx_hal.o
 .debug_info    0x00000000000096d3      0xb51 Drivers/STM32F1xx_HAL_Driver/Src/stm32f1xx_hal_cortex.o
 .debug_info    0x000000000000a224      0x69b Drivers/STM32F1xx_HAL_Driver/Src/stm32f1xx_hal_gpio.o
 .debug_info    0x000000000000a8bf     0x2555 Drivers/STM32F1xx_HAL_Driver/Src/stm32f1xx_hal_i2c.o
 .debug_info    0x000000000000ce14      0x80f Drivers/STM32F1xx_HAL_Driver/Src/stm32f1xx_hal_rcc.o
 .debug_info    0x000000000000d623     0x1572 Drivers/STM32F1xx_HAL_Driver/Src/stm32f1xx_hal_spi.o
 .debug_info    0x000000000000eb95     0x27ef Drivers/STM32F1xx_HAL_Driver/Src/stm32f1xx_hal_tim.o
 .debug_info    0x0000000000011384     0x136f Drivers/STM32F1xx_HAL_Driver/Src/stm32f1xx_hal_tim_ex.o

.debug_abbrev   0x0000000000000000     0x2848
 .debug_abbrev  0x0000000000000000      0x29a Core/Src/SX1278.o
 .debug_abbrev  0x000000000000029a      0x1de Core/Src/fonts.o
 .debug_abbrev  0x0000000000000478      0x13d Core/Src/gpio.o
 .debug_abbrev  0x00000000000005b5      0x199 Core/Src/i2c.o
 .debug_abbrev  0x000000000000074e      0x352 Core/Src/main.o
 .debug_abbrev  0x0000000000000aa0      0x199 Core/Src/spi.o
 .debug_abbrev  0x0000000000000c39      0x314 Core/Src/ssd1306.o
 .debug_abbrev  0x0000000000000f4d      0x109 Core/Src/stm32f1xx_hal_msp.o
 .debug_abbrev  0x0000000000001056      0x1c1 Core/Src/stm32f1xx_it.o
 .debug_abbrev  0x0000000000001217      0x19b Core/Src/sysmem.o
 .debug_abbrev  0x00000000000013b2      0x134 Core/Src/system_stm32f1xx.o
 .debug_abbrev  0x00000000000014e6      0x1b3 Core/Src/tim.o
 .debug_abbrev  0x0000000000001699       0x12 Core/Startup/startup_stm32f103c8tx.o
 .debug_abbrev  0x00000000000016ab      0x1c7 Drivers/STM32F1xx_HAL_Driver/Src/stm32f1xx_hal.o
 .debug_abbrev  0x0000000000001872      0x2d5 Drivers/STM32F1xx_HAL_Driver/Src/stm32f1xx_hal_cortex.o
 .debug_abbrev  0x0000000000001b47      0x1c0 Drivers/STM32F1xx_HAL_Driver/Src/stm32f1xx_hal_gpio.o
 .debug_abbrev  0x0000000000001d07      0x258 Drivers/STM32F1xx_HAL_Driver/Src/stm32f1xx_hal_i2c.o
 .debug_abbrev  0x0000000000001f5f      0x243 Drivers/STM32F1xx_HAL_Driver/Src/stm32f1xx_hal_rcc.o
 .debug_abbrev  0x00000000000021a2      0x240 Drivers/STM32F1xx_HAL_Driver/Src/stm32f1xx_hal_spi.o
 .debug_abbrev  0x00000000000023e2      0x230 Drivers/STM32F1xx_HAL_Driver/Src/stm32f1xx_hal_tim.o
 .debug_abbrev  0x0000000000002612      0x236 Drivers/STM32F1xx_HAL_Driver/Src/stm32f1xx_hal_tim_ex.o

.debug_aranges  0x0000000000000000     0x1088
 .debug_aranges
                0x0000000000000000       0xf8 Core/Src/SX1278.o
 .debug_aranges
                0x00000000000000f8       0x20 Core/Src/fonts.o
 .debug_aranges
                0x0000000000000118       0x20 Core/Src/gpio.o
 .debug_aranges
                0x0000000000000138       0x30 Core/Src/i2c.o
 .debug_aranges
                0x0000000000000168       0x58 Core/Src/main.o
 .debug_aranges
                0x00000000000001c0       0x30 Core/Src/spi.o
 .debug_aranges
                0x00000000000001f0       0xf8 Core/Src/ssd1306.o
 .debug_aranges
                0x00000000000002e8       0x20 Core/Src/stm32f1xx_hal_msp.o
 .debug_aranges
                0x0000000000000308       0x70 Core/Src/stm32f1xx_it.o
 .debug_aranges
                0x0000000000000378       0x20 Core/Src/sysmem.o
 .debug_aranges
                0x0000000000000398       0x28 Core/Src/system_stm32f1xx.o
 .debug_aranges
                0x00000000000003c0       0x30 Core/Src/tim.o
 .debug_aranges
                0x00000000000003f0       0x28 Core/Startup/startup_stm32f103c8tx.o
 .debug_aranges
                0x0000000000000418       0xe0 Drivers/STM32F1xx_HAL_Driver/Src/stm32f1xx_hal.o
 .debug_aranges
                0x00000000000004f8      0x100 Drivers/STM32F1xx_HAL_Driver/Src/stm32f1xx_hal_cortex.o
 .debug_aranges
                0x00000000000005f8       0x58 Drivers/STM32F1xx_HAL_Driver/Src/stm32f1xx_hal_gpio.o
 .debug_aranges
                0x0000000000000650      0x2a0 Drivers/STM32F1xx_HAL_Driver/Src/stm32f1xx_hal_i2c.o
 .debug_aranges
                0x00000000000008f0       0x90 Drivers/STM32F1xx_HAL_Driver/Src/stm32f1xx_hal_rcc.o
 .debug_aranges
                0x0000000000000980      0x1d0 Drivers/STM32F1xx_HAL_Driver/Src/stm32f1xx_hal_spi.o
 .debug_aranges
                0x0000000000000b50      0x3d0 Drivers/STM32F1xx_HAL_Driver/Src/stm32f1xx_hal_tim.o
 .debug_aranges
                0x0000000000000f20      0x168 Drivers/STM32F1xx_HAL_Driver/Src/stm32f1xx_hal_tim_ex.o

.debug_ranges   0x0000000000000000      0xf68
 .debug_ranges  0x0000000000000000       0xe8 Core/Src/SX1278.o
 .debug_ranges  0x00000000000000e8       0x10 Core/Src/fonts.o
 .debug_ranges  0x00000000000000f8       0x10 Core/Src/gpio.o
 .debug_ranges  0x0000000000000108       0x20 Core/Src/i2c.o
 .debug_ranges  0x0000000000000128       0x48 Core/Src/main.o
 .debug_ranges  0x0000000000000170       0x20 Core/Src/spi.o
 .debug_ranges  0x0000000000000190       0xe8 Core/Src/ssd1306.o
 .debug_ranges  0x0000000000000278       0x10 Core/Src/stm32f1xx_hal_msp.o
 .debug_ranges  0x0000000000000288       0x60 Core/Src/stm32f1xx_it.o
 .debug_ranges  0x00000000000002e8       0x10 Core/Src/sysmem.o
 .debug_ranges  0x00000000000002f8       0x18 Core/Src/system_stm32f1xx.o
 .debug_ranges  0x0000000000000310       0x20 Core/Src/tim.o
 .debug_ranges  0x0000000000000330       0x20 Core/Startup/startup_stm32f103c8tx.o
 .debug_ranges  0x0000000000000350       0xd0 Drivers/STM32F1xx_HAL_Driver/Src/stm32f1xx_hal.o
 .debug_ranges  0x0000000000000420       0xf0 Drivers/STM32F1xx_HAL_Driver/Src/stm32f1xx_hal_cortex.o
 .debug_ranges  0x0000000000000510       0x48 Drivers/STM32F1xx_HAL_Driver/Src/stm32f1xx_hal_gpio.o
 .debug_ranges  0x0000000000000558      0x2b8 Drivers/STM32F1xx_HAL_Driver/Src/stm32f1xx_hal_i2c.o
 .debug_ranges  0x0000000000000810       0x80 Drivers/STM32F1xx_HAL_Driver/Src/stm32f1xx_hal_rcc.o
 .debug_ranges  0x0000000000000890      0x1c0 Drivers/STM32F1xx_HAL_Driver/Src/stm32f1xx_hal_spi.o
 .debug_ranges  0x0000000000000a50      0x3c0 Drivers/STM32F1xx_HAL_Driver/Src/stm32f1xx_hal_tim.o
 .debug_ranges  0x0000000000000e10      0x158 Drivers/STM32F1xx_HAL_Driver/Src/stm32f1xx_hal_tim_ex.o

.debug_macro    0x0000000000000000    0x19612
 .debug_macro   0x0000000000000000      0x2a9 Core/Src/SX1278.o
 .debug_macro   0x00000000000002a9      0xa5a Core/Src/SX1278.o
 .debug_macro   0x0000000000000d03       0x22 Core/Src/SX1278.o
 .debug_macro   0x0000000000000d25       0x8e Core/Src/SX1278.o
 .debug_macro   0x0000000000000db3       0x51 Core/Src/SX1278.o
 .debug_macro   0x0000000000000e04       0xef Core/Src/SX1278.o
 .debug_macro   0x0000000000000ef3       0x6a Core/Src/SX1278.o
 .debug_macro   0x0000000000000f5d      0x1df Core/Src/SX1278.o
 .debug_macro   0x000000000000113c       0x22 Core/Src/SX1278.o
 .debug_macro   0x000000000000115e      0x392 Core/Src/SX1278.o
 .debug_macro   0x00000000000014f0       0x46 Core/Src/SX1278.o
 .debug_macro   0x0000000000001536       0x18 Core/Src/SX1278.o
 .debug_macro   0x000000000000154e       0x3c Core/Src/SX1278.o
 .debug_macro   0x000000000000158a       0x34 Core/Src/SX1278.o
 .debug_macro   0x00000000000015be      0x174 Core/Src/SX1278.o
 .debug_macro   0x0000000000001732       0x52 Core/Src/SX1278.o
 .debug_macro   0x0000000000001784       0x1f Core/Src/SX1278.o
 .debug_macro   0x00000000000017a3       0x43 Core/Src/SX1278.o
 .debug_macro   0x00000000000017e6       0x20 Core/Src/SX1278.o
 .debug_macro   0x0000000000001806      0x1a3 Core/Src/SX1278.o
 .debug_macro   0x00000000000019a9      0x330 Core/Src/SX1278.o
 .debug_macro   0x0000000000001cd9       0x10 Core/Src/SX1278.o
 .debug_macro   0x0000000000001ce9       0x35 Core/Src/SX1278.o
 .debug_macro   0x0000000000001d1e       0x20 Core/Src/SX1278.o
 .debug_macro   0x0000000000001d3e      0x221 Core/Src/SX1278.o
 .debug_macro   0x0000000000001f5f       0x2e Core/Src/SX1278.o
 .debug_macro   0x0000000000001f8d       0x22 Core/Src/SX1278.o
 .debug_macro   0x0000000000001faf       0x1c Core/Src/SX1278.o
 .debug_macro   0x0000000000001fcb       0x22 Core/Src/SX1278.o
 .debug_macro   0x0000000000001fed       0xbd Core/Src/SX1278.o
 .debug_macro   0x00000000000020aa      0xd23 Core/Src/SX1278.o
 .debug_macro   0x0000000000002dcd     0xe097 Core/Src/SX1278.o
 .debug_macro   0x0000000000010e64       0x43 Core/Src/SX1278.o
 .debug_macro   0x0000000000010ea7     0x3468 Core/Src/SX1278.o
 .debug_macro   0x000000000001430f       0x56 Core/Src/SX1278.o
 .debug_macro   0x0000000000014365      0x5be Core/Src/SX1278.o
 .debug_macro   0x0000000000014923      0x289 Core/Src/SX1278.o
 .debug_macro   0x0000000000014bac      0x1cb Core/Src/SX1278.o
 .debug_macro   0x0000000000014d77      0x114 Core/Src/SX1278.o
 .debug_macro   0x0000000000014e8b      0x1b2 Core/Src/SX1278.o
 .debug_macro   0x000000000001503d       0x27 Core/Src/SX1278.o
 .debug_macro   0x0000000000015064      0x136 Core/Src/SX1278.o
 .debug_macro   0x000000000001519a      0x1bc Core/Src/SX1278.o
 .debug_macro   0x0000000000015356       0x34 Core/Src/SX1278.o
 .debug_macro   0x000000000001538a       0x3c Core/Src/SX1278.o
 .debug_macro   0x00000000000153c6       0x57 Core/Src/SX1278.o
 .debug_macro   0x000000000001541d       0x88 Core/Src/SX1278.o
 .debug_macro   0x00000000000154a5      0x241 Core/Src/SX1278.o
 .debug_macro   0x00000000000156e6      0x287 Core/Src/SX1278.o
 .debug_macro   0x000000000001596d      0x141 Core/Src/SX1278.o
 .debug_macro   0x0000000000015aae      0x217 Core/Src/SX1278.o
 .debug_macro   0x0000000000015cc5      0x8d1 Core/Src/SX1278.o
 .debug_macro   0x0000000000016596       0x83 Core/Src/SX1278.o
 .debug_macro   0x0000000000016619       0x46 Core/Src/SX1278.o
 .debug_macro   0x000000000001665f      0x278 Core/Src/fonts.o
 .debug_macro   0x00000000000168d7       0xc3 Core/Src/fonts.o
 .debug_macro   0x000000000001699a       0x5c Core/Src/fonts.o
 .debug_macro   0x00000000000169f6      0x32a Core/Src/fonts.o
 .debug_macro   0x0000000000016d20      0x1c6 Core/Src/gpio.o
 .debug_macro   0x0000000000016ee6      0x1c6 Core/Src/i2c.o
 .debug_macro   0x00000000000170ac      0x3d7 Core/Src/main.o
 .debug_macro   0x0000000000017483       0x16 Core/Src/main.o
 .debug_macro   0x0000000000017499       0x16 Core/Src/main.o
 .debug_macro   0x00000000000174af       0x29 Core/Src/main.o
 .debug_macro   0x00000000000174d8       0x1d Core/Src/main.o
 .debug_macro   0x00000000000174f5       0x1c Core/Src/main.o
 .debug_macro   0x0000000000017511       0x10 Core/Src/main.o
 .debug_macro   0x0000000000017521       0x10 Core/Src/main.o
 .debug_macro   0x0000000000017531       0x1c Core/Src/main.o
 .debug_macro   0x000000000001754d       0x52 Core/Src/main.o
 .debug_macro   0x000000000001759f       0x40 Core/Src/main.o
 .debug_macro   0x00000000000175df       0x10 Core/Src/main.o
 .debug_macro   0x00000000000175ef       0x40 Core/Src/main.o
 .debug_macro   0x000000000001762f       0xd7 Core/Src/main.o
 .debug_macro   0x0000000000017706       0x1c Core/Src/main.o
 .debug_macro   0x0000000000017722       0x3d Core/Src/main.o
 .debug_macro   0x000000000001775f       0x16 Core/Src/main.o
 .debug_macro   0x0000000000017775      0x145 Core/Src/main.o
 .debug_macro   0x00000000000178ba      0x1c6 Core/Src/spi.o
 .debug_macro   0x0000000000017a80      0x303 Core/Src/ssd1306.o
 .debug_macro   0x0000000000017d83      0x1bc Core/Src/stm32f1xx_hal_msp.o
 .debug_macro   0x0000000000017f3f      0x1de Core/Src/stm32f1xx_it.o
 .debug_macro   0x000000000001811d       0xee Core/Src/sysmem.o
 .debug_macro   0x000000000001820b      0x23b Core/Src/sysmem.o
 .debug_macro   0x0000000000018446      0x1ad Core/Src/system_stm32f1xx.o
 .debug_macro   0x00000000000185f3      0x1c6 Core/Src/tim.o
 .debug_macro   0x00000000000187b9      0x1d1 Drivers/STM32F1xx_HAL_Driver/Src/stm32f1xx_hal.o
 .debug_macro   0x000000000001898a      0x1ad Drivers/STM32F1xx_HAL_Driver/Src/stm32f1xx_hal_cortex.o
 .debug_macro   0x0000000000018b37      0x218 Drivers/STM32F1xx_HAL_Driver/Src/stm32f1xx_hal_gpio.o
 .debug_macro   0x0000000000018d4f      0x1f4 Drivers/STM32F1xx_HAL_Driver/Src/stm32f1xx_hal_i2c.o
 .debug_macro   0x0000000000018f43      0x1bf Drivers/STM32F1xx_HAL_Driver/Src/stm32f1xx_hal_rcc.o
 .debug_macro   0x0000000000019102      0x1b5 Drivers/STM32F1xx_HAL_Driver/Src/stm32f1xx_hal_spi.o
 .debug_macro   0x00000000000192b7      0x1ae Drivers/STM32F1xx_HAL_Driver/Src/stm32f1xx_hal_tim.o
 .debug_macro   0x0000000000019465      0x1ad Drivers/STM32F1xx_HAL_Driver/Src/stm32f1xx_hal_tim_ex.o

.debug_line     0x0000000000000000     0xe3a1
 .debug_line    0x0000000000000000      0xad8 Core/Src/SX1278.o
 .debug_line    0x0000000000000ad8      0x809 Core/Src/fonts.o
 .debug_line    0x00000000000012e1      0x6c5 Core/Src/gpio.o
 .debug_line    0x00000000000019a6      0x6e5 Core/Src/i2c.o
 .debug_line    0x000000000000208b      0xa6d Core/Src/main.o
 .debug_line    0x0000000000002af8      0x6eb Core/Src/spi.o
 .debug_line    0x00000000000031e3      0xcb1 Core/Src/ssd1306.o
 .debug_line    0x0000000000003e94      0x6b6 Core/Src/stm32f1xx_hal_msp.o
 .debug_line    0x000000000000454a      0x7a1 Core/Src/stm32f1xx_it.o
 .debug_line    0x0000000000004ceb      0x4f9 Core/Src/sysmem.o
 .debug_line    0x00000000000051e4      0x6dd Core/Src/system_stm32f1xx.o
 .debug_line    0x00000000000058c1      0x6f8 Core/Src/tim.o
 .debug_line    0x0000000000005fb9       0x84 Core/Startup/startup_stm32f103c8tx.o
 .debug_line    0x000000000000603d      0x890 Drivers/STM32F1xx_HAL_Driver/Src/stm32f1xx_hal.o
 .debug_line    0x00000000000068cd      0x967 Drivers/STM32F1xx_HAL_Driver/Src/stm32f1xx_hal_cortex.o
 .debug_line    0x0000000000007234      0x88c Drivers/STM32F1xx_HAL_Driver/Src/stm32f1xx_hal_gpio.o
 .debug_line    0x0000000000007ac0     0x1c36 Drivers/STM32F1xx_HAL_Driver/Src/stm32f1xx_hal_i2c.o
 .debug_line    0x00000000000096f6      0x950 Drivers/STM32F1xx_HAL_Driver/Src/stm32f1xx_hal_rcc.o
 .debug_line    0x000000000000a046     0x107b Drivers/STM32F1xx_HAL_Driver/Src/stm32f1xx_hal_spi.o
 .debug_line    0x000000000000b0c1     0x1fe9 Drivers/STM32F1xx_HAL_Driver/Src/stm32f1xx_hal_tim.o
 .debug_line    0x000000000000d0aa     0x12f7 Drivers/STM32F1xx_HAL_Driver/Src/stm32f1xx_hal_tim_ex.o

.debug_str      0x0000000000000000    0x8d8ce
 .debug_str     0x0000000000000000    0x87e91 Core/Src/SX1278.o
                                      0x882e5 (size before relaxing)
 .debug_str     0x0000000000087e91       0xc2 Core/Src/fonts.o
                                      0x87057 (size before relaxing)
 .debug_str     0x0000000000087f53      0x2f7 Core/Src/gpio.o
                                      0x844b6 (size before relaxing)
 .debug_str     0x000000000008824a      0x2a6 Core/Src/i2c.o
                                      0x8466c (size before relaxing)
 .debug_str     0x00000000000884f0     0x1824 Core/Src/main.o
                                      0x89c51 (size before relaxing)
 .debug_str     0x0000000000089d14       0x4b Core/Src/spi.o
                                      0x845c3 (size before relaxing)
 .debug_str     0x0000000000089d5f      0x528 Core/Src/ssd1306.o
                                      0x87afa (size before relaxing)
 .debug_str     0x000000000008a287       0x50 Core/Src/stm32f1xx_hal_msp.o
                                      0x84199 (size before relaxing)
 .debug_str     0x000000000008a2d7       0xe1 Core/Src/stm32f1xx_it.o
                                      0x85306 (size before relaxing)
 .debug_str     0x000000000008a3b8      0x4e9 Core/Src/sysmem.o
                                       0x5f6c (size before relaxing)
 .debug_str     0x000000000008a8a1       0x52 Core/Src/system_stm32f1xx.o
                                      0x8409f (size before relaxing)
 .debug_str     0x000000000008a8f3      0x120 Core/Src/tim.o
                                      0x84aa0 (size before relaxing)
 .debug_str     0x000000000008aa13       0x36 Core/Startup/startup_stm32f103c8tx.o
                                         0x9c (size before relaxing)
 .debug_str     0x000000000008aa49      0x2fa Drivers/STM32F1xx_HAL_Driver/Src/stm32f1xx_hal.o
                                      0x84730 (size before relaxing)
 .debug_str     0x000000000008ad43      0x2d8 Drivers/STM32F1xx_HAL_Driver/Src/stm32f1xx_hal_cortex.o
                                      0x84738 (size before relaxing)
 .debug_str     0x000000000008b01b      0x31f Drivers/STM32F1xx_HAL_Driver/Src/stm32f1xx_hal_gpio.o
                                      0x84463 (size before relaxing)
 .debug_str     0x000000000008b33a      0xb5a Drivers/STM32F1xx_HAL_Driver/Src/stm32f1xx_hal_i2c.o
                                      0x850db (size before relaxing)
 .debug_str     0x000000000008be94      0x244 Drivers/STM32F1xx_HAL_Driver/Src/stm32f1xx_hal_rcc.o
                                      0x8449c (size before relaxing)
 .debug_str     0x000000000008c0d8      0x533 Drivers/STM32F1xx_HAL_Driver/Src/stm32f1xx_hal_spi.o
                                      0x849a4 (size before relaxing)
 .debug_str     0x000000000008c60b      0xdac Drivers/STM32F1xx_HAL_Driver/Src/stm32f1xx_hal_tim.o
                                      0x8546e (size before relaxing)
 .debug_str     0x000000000008d3b7      0x517 Drivers/STM32F1xx_HAL_Driver/Src/stm32f1xx_hal_tim_ex.o
                                      0x84c48 (size before relaxing)

.comment        0x0000000000000000       0x7b
 .comment       0x0000000000000000       0x7b Core/Src/SX1278.o
                                         0x7c (size before relaxing)
 .comment       0x000000000000007b       0x7c Core/Src/fonts.o
 .comment       0x000000000000007b       0x7c Core/Src/gpio.o
 .comment       0x000000000000007b       0x7c Core/Src/i2c.o
 .comment       0x000000000000007b       0x7c Core/Src/main.o
 .comment       0x000000000000007b       0x7c Core/Src/spi.o
 .comment       0x000000000000007b       0x7c Core/Src/ssd1306.o
 .comment       0x000000000000007b       0x7c Core/Src/stm32f1xx_hal_msp.o
 .comment       0x000000000000007b       0x7c Core/Src/stm32f1xx_it.o
 .comment       0x000000000000007b       0x7c Core/Src/sysmem.o
 .comment       0x000000000000007b       0x7c Core/Src/system_stm32f1xx.o
 .comment       0x000000000000007b       0x7c Core/Src/tim.o
 .comment       0x000000000000007b       0x7c Drivers/STM32F1xx_HAL_Driver/Src/stm32f1xx_hal.o
 .comment       0x000000000000007b       0x7c Drivers/STM32F1xx_HAL_Driver/Src/stm32f1xx_hal_cortex.o
 .comment       0x000000000000007b       0x7c Drivers/STM32F1xx_HAL_Driver/Src/stm32f1xx_hal_gpio.o
 .comment       0x000000000000007b       0x7c Drivers/STM32F1xx_HAL_Driver/Src/stm32f1xx_hal_i2c.o
 .comment       0x000000000000007b       0x7c Drivers/STM32F1xx_HAL_Driver/Src/stm32f1xx_hal_rcc.o
 .comment       0x000000000000007b       0x7c Drivers/STM32F1xx_HAL_Driver/Src/stm32f1xx_hal_spi.o
 .comment       0x000000000000007b       0x7c Drivers/STM32F1xx_HAL_Driver/Src/stm32f1xx_hal_tim.o
 .comment       0x000000000000007b       0x7c Drivers/STM32F1xx_HAL_Driver/Src/stm32f1xx_hal_tim_ex.o

.debug_frame    0x0000000000000000     0x4920
 .debug_frame   0x0000000000000000      0x404 Core/Src/SX1278.o
 .debug_frame   0x0000000000000404       0x38 Core/Src/fonts.o
 .debug_frame   0x000000000000043c       0x34 Core/Src/gpio.o
 .debug_frame   0x0000000000000470       0x74 Core/Src/i2c.o
 .debug_frame   0x00000000000004e4      0x12c Core/Src/main.o
 .debug_frame   0x0000000000000610       0x74 Core/Src/spi.o
 .debug_frame   0x0000000000000684      0x414 Core/Src/ssd1306.o
 .debug_frame   0x0000000000000a98       0x38 Core/Src/stm32f1xx_hal_msp.o
 .debug_frame   0x0000000000000ad0      0x144 Core/Src/stm32f1xx_it.o
 .debug_frame   0x0000000000000c14       0x34 Core/Src/sysmem.o
 .debug_frame   0x0000000000000c48       0x58 Core/Src/system_stm32f1xx.o
 .debug_frame   0x0000000000000ca0       0x7c Core/Src/tim.o
 .debug_frame   0x0000000000000d1c      0x334 Drivers/STM32F1xx_HAL_Driver/Src/stm32f1xx_hal.o
 .debug_frame   0x0000000000001050      0x428 Drivers/STM32F1xx_HAL_Driver/Src/stm32f1xx_hal_cortex.o
 .debug_frame   0x0000000000001478      0x14c Drivers/STM32F1xx_HAL_Driver/Src/stm32f1xx_hal_gpio.o
 .debug_frame   0x00000000000015c4      0xc54 Drivers/STM32F1xx_HAL_Driver/Src/stm32f1xx_hal_i2c.o
 .debug_frame   0x0000000000002218      0x21c Drivers/STM32F1xx_HAL_Driver/Src/stm32f1xx_hal_rcc.o
 .debug_frame   0x0000000000002434      0x824 Drivers/STM32F1xx_HAL_Driver/Src/stm32f1xx_hal_spi.o
 .debug_frame   0x0000000000002c58     0x11b8 Drivers/STM32F1xx_HAL_Driver/Src/stm32f1xx_hal_tim.o
 .debug_frame   0x0000000000003e10      0x638 Drivers/STM32F1xx_HAL_Driver/Src/stm32f1xx_hal_tim_ex.o
 .debug_frame   0x0000000000004448       0x20 c:/stm32cubeide/stm32cubeide_1.0.2/stm32cubeide/plugins/com.st.stm32cube.ide.mcu.externaltools.gnu-tools-for-stm32.7-2018-q2-update.win32_1.4.0.202007081208/tools/bin/../lib/gcc/arm-none-eabi/7.3.1/../../../../arm-none-eabi/lib/thumb/v7-m\libc_nano.a(lib_a-errno.o)
 .debug_frame   0x0000000000004468       0x2c c:/stm32cubeide/stm32cubeide_1.0.2/stm32cubeide/plugins/com.st.stm32cube.ide.mcu.externaltools.gnu-tools-for-stm32.7-2018-q2-update.win32_1.4.0.202007081208/tools/bin/../lib/gcc/arm-none-eabi/7.3.1/../../../../arm-none-eabi/lib/thumb/v7-m\libc_nano.a(lib_a-init.o)
 .debug_frame   0x0000000000004494       0x28 c:/stm32cubeide/stm32cubeide_1.0.2/stm32cubeide/plugins/com.st.stm32cube.ide.mcu.externaltools.gnu-tools-for-stm32.7-2018-q2-update.win32_1.4.0.202007081208/tools/bin/../lib/gcc/arm-none-eabi/7.3.1/../../../../arm-none-eabi/lib/thumb/v7-m\libc_nano.a(lib_a-memcpy-stub.o)
 .debug_frame   0x00000000000044bc       0x20 c:/stm32cubeide/stm32cubeide_1.0.2/stm32cubeide/plugins/com.st.stm32cube.ide.mcu.externaltools.gnu-tools-for-stm32.7-2018-q2-update.win32_1.4.0.202007081208/tools/bin/../lib/gcc/arm-none-eabi/7.3.1/../../../../arm-none-eabi/lib/thumb/v7-m\libc_nano.a(lib_a-memset.o)
 .debug_frame   0x00000000000044dc       0x6c c:/stm32cubeide/stm32cubeide_1.0.2/stm32cubeide/plugins/com.st.stm32cube.ide.mcu.externaltools.gnu-tools-for-stm32.7-2018-q2-update.win32_1.4.0.202007081208/tools/bin/../lib/gcc/arm-none-eabi/7.3.1/../../../../arm-none-eabi/lib/thumb/v7-m\libc_nano.a(lib_a-sprintf.o)
 .debug_frame   0x0000000000004548       0x90 c:/stm32cubeide/stm32cubeide_1.0.2/stm32cubeide/plugins/com.st.stm32cube.ide.mcu.externaltools.gnu-tools-for-stm32.7-2018-q2-update.win32_1.4.0.202007081208/tools/bin/../lib/gcc/arm-none-eabi/7.3.1/../../../../arm-none-eabi/lib/thumb/v7-m\libc_nano.a(lib_a-nano-svfprintf.o)
 .debug_frame   0x00000000000045d8       0x60 c:/stm32cubeide/stm32cubeide_1.0.2/stm32cubeide/plugins/com.st.stm32cube.ide.mcu.externaltools.gnu-tools-for-stm32.7-2018-q2-update.win32_1.4.0.202007081208/tools/bin/../lib/gcc/arm-none-eabi/7.3.1/../../../../arm-none-eabi/lib/thumb/v7-m\libc_nano.a(lib_a-nano-vfprintf_i.o)
 .debug_frame   0x0000000000004638       0x28 c:/stm32cubeide/stm32cubeide_1.0.2/stm32cubeide/plugins/com.st.stm32cube.ide.mcu.externaltools.gnu-tools-for-stm32.7-2018-q2-update.win32_1.4.0.202007081208/tools/bin/../lib/gcc/arm-none-eabi/7.3.1/../../../../arm-none-eabi/lib/thumb/v7-m\libc_nano.a(lib_a-memchr-stub.o)
 .debug_frame   0x0000000000004660       0x28 c:/stm32cubeide/stm32cubeide_1.0.2/stm32cubeide/plugins/com.st.stm32cube.ide.mcu.externaltools.gnu-tools-for-stm32.7-2018-q2-update.win32_1.4.0.202007081208/tools/bin/../lib/gcc/arm-none-eabi/7.3.1/../../../../arm-none-eabi/lib/thumb/v7-m\libc_nano.a(lib_a-memmove.o)
 .debug_frame   0x0000000000004688       0x38 c:/stm32cubeide/stm32cubeide_1.0.2/stm32cubeide/plugins/com.st.stm32cube.ide.mcu.externaltools.gnu-tools-for-stm32.7-2018-q2-update.win32_1.4.0.202007081208/tools/bin/../lib/gcc/arm-none-eabi/7.3.1/../../../../arm-none-eabi/lib/thumb/v7-m\libc_nano.a(lib_a-nano-freer.o)
 .debug_frame   0x00000000000046c0       0x2c c:/stm32cubeide/stm32cubeide_1.0.2/stm32cubeide/plugins/com.st.stm32cube.ide.mcu.externaltools.gnu-tools-for-stm32.7-2018-q2-update.win32_1.4.0.202007081208/tools/bin/../lib/gcc/arm-none-eabi/7.3.1/../../../../arm-none-eabi/lib/thumb/v7-m\libc_nano.a(lib_a-nano-mallocr.o)
 .debug_frame   0x00000000000046ec       0x3c c:/stm32cubeide/stm32cubeide_1.0.2/stm32cubeide/plugins/com.st.stm32cube.ide.mcu.externaltools.gnu-tools-for-stm32.7-2018-q2-update.win32_1.4.0.202007081208/tools/bin/../lib/gcc/arm-none-eabi/7.3.1/../../../../arm-none-eabi/lib/thumb/v7-m\libc_nano.a(lib_a-nano-reallocr.o)
 .debug_frame   0x0000000000004728       0x2c c:/stm32cubeide/stm32cubeide_1.0.2/stm32cubeide/plugins/com.st.stm32cube.ide.mcu.externaltools.gnu-tools-for-stm32.7-2018-q2-update.win32_1.4.0.202007081208/tools/bin/../lib/gcc/arm-none-eabi/7.3.1/../../../../arm-none-eabi/lib/thumb/v7-m\libc_nano.a(lib_a-sbrkr.o)
 .debug_frame   0x0000000000004754       0x30 c:/stm32cubeide/stm32cubeide_1.0.2/stm32cubeide/plugins/com.st.stm32cube.ide.mcu.externaltools.gnu-tools-for-stm32.7-2018-q2-update.win32_1.4.0.202007081208/tools/bin/../lib/gcc/arm-none-eabi/7.3.1/../../../../arm-none-eabi/lib/thumb/v7-m\libc_nano.a(lib_a-mlock.o)
 .debug_frame   0x0000000000004784       0x20 c:/stm32cubeide/stm32cubeide_1.0.2/stm32cubeide/plugins/com.st.stm32cube.ide.mcu.externaltools.gnu-tools-for-stm32.7-2018-q2-update.win32_1.4.0.202007081208/tools/bin/../lib/gcc/arm-none-eabi/7.3.1/../../../../arm-none-eabi/lib/thumb/v7-m\libc_nano.a(lib_a-nano-msizer.o)
 .debug_frame   0x00000000000047a4       0x5c c:/stm32cubeide/stm32cubeide_1.0.2/stm32cubeide/plugins/com.st.stm32cube.ide.mcu.externaltools.gnu-tools-for-stm32.7-2018-q2-update.win32_1.4.0.202007081208/tools/bin/../lib/gcc/arm-none-eabi/7.3.1/../../../../arm-none-eabi/lib/thumb/v7-m\libc_nano.a(lib_a-reent.o)
 .debug_frame   0x0000000000004800       0xac c:/stm32cubeide/stm32cubeide_1.0.2/stm32cubeide/plugins/com.st.stm32cube.ide.mcu.externaltools.gnu-tools-for-stm32.7-2018-q2-update.win32_1.4.0.202007081208/tools/bin/../lib/gcc/arm-none-eabi/7.3.1/thumb/v7-m\libgcc.a(_arm_addsubdf3.o)
 .debug_frame   0x00000000000048ac       0x50 c:/stm32cubeide/stm32cubeide_1.0.2/stm32cubeide/plugins/com.st.stm32cube.ide.mcu.externaltools.gnu-tools-for-stm32.7-2018-q2-update.win32_1.4.0.202007081208/tools/bin/../lib/gcc/arm-none-eabi/7.3.1/thumb/v7-m\libgcc.a(_arm_muldivdf3.o)
 .debug_frame   0x00000000000048fc       0x24 c:/stm32cubeide/stm32cubeide_1.0.2/stm32cubeide/plugins/com.st.stm32cube.ide.mcu.externaltools.gnu-tools-for-stm32.7-2018-q2-update.win32_1.4.0.202007081208/tools/bin/../lib/gcc/arm-none-eabi/7.3.1/thumb/v7-m\libgcc.a(_arm_fixunsdfsi.o)
